[0.064s] DEBUG:colcon:Command line arguments: ['/usr/bin/colcon', 'build']
[0.064s] DEBUG:colcon:Parsed command line arguments: Namespace(log_base=None, log_level=None, verb_name='build', build_base='build', install_base='install', merge_install=False, symlink_install=False, test_result_base=None, continue_on_error=False, executor='parallel', parallel_workers=16, event_handlers=None, ignore_user_meta=False, metas=['./colcon.meta'], base_paths=['.'], packages_ignore=None, packages_ignore_regex=None, paths=None, packages_up_to=None, packages_up_to_regex=None, packages_above=None, packages_above_and_dependencies=None, packages_above_depth=None, packages_select_by_dep=None, packages_skip_by_dep=None, packages_skip_up_to=None, packages_select_build_failed=False, packages_skip_build_finished=False, packages_select_test_failures=False, packages_skip_test_passed=False, packages_select=None, packages_skip=None, packages_select_regex=None, packages_skip_regex=None, packages_start=None, packages_end=None, allow_overriding=[], cmake_args=None, cmake_target=None, cmake_target_skip_unavailable=False, cmake_clean_cache=False, cmake_clean_first=False, cmake_force_configure=False, ament_cmake_args=None, catkin_cmake_args=None, catkin_skip_building_tests=False, mixin_files=None, mixin=None, verb_parser=<colcon_mixin.mixin.mixin_argument.MixinArgumentDecorator object at 0x7426df980cd0>, verb_extension=<colcon_core.verb.build.BuildVerb object at 0x7426dfa95f00>, main=<bound method BuildVerb.main of <colcon_core.verb.build.BuildVerb object at 0x7426dfa95f00>>, mixin_verb=('build',))
[0.169s] Level 1:colcon.colcon_core.package_discovery:discover_packages(colcon_meta) check parameters
[0.169s] Level 1:colcon.colcon_core.package_discovery:discover_packages(recursive) check parameters
[0.169s] Level 1:colcon.colcon_core.package_discovery:discover_packages(ignore) check parameters
[0.169s] Level 1:colcon.colcon_core.package_discovery:discover_packages(path) check parameters
[0.169s] Level 1:colcon.colcon_core.package_discovery:discover_packages(colcon_meta) discover
[0.169s] Level 1:colcon.colcon_core.package_discovery:discover_packages(recursive) discover
[0.169s] INFO:colcon.colcon_core.package_discovery:Crawling recursively for packages in '/home/quan/workspaces/ur_gz'
[0.169s] Level 1:colcon.colcon_core.package_identification:_identify(.) by extensions ['ignore', 'ignore_ament_install']
[0.169s] Level 1:colcon.colcon_core.package_identification:_identify(.) by extension 'ignore'
[0.169s] Level 1:colcon.colcon_core.package_identification:_identify(.) by extension 'ignore_ament_install'
[0.169s] Level 1:colcon.colcon_core.package_identification:_identify(.) by extensions ['colcon_pkg']
[0.169s] Level 1:colcon.colcon_core.package_identification:_identify(.) by extension 'colcon_pkg'
[0.169s] Level 1:colcon.colcon_core.package_identification:_identify(.) by extensions ['colcon_meta']
[0.169s] Level 1:colcon.colcon_core.package_identification:_identify(.) by extension 'colcon_meta'
[0.169s] Level 1:colcon.colcon_core.package_identification:_identify(.) by extensions ['ros']
[0.169s] Level 1:colcon.colcon_core.package_identification:_identify(.) by extension 'ros'
[0.181s] Level 1:colcon.colcon_core.package_identification:_identify(.) by extensions ['cmake', 'python']
[0.181s] Level 1:colcon.colcon_core.package_identification:_identify(.) by extension 'cmake'
[0.181s] Level 1:colcon.colcon_core.package_identification:_identify(.) by extension 'python'
[0.181s] Level 1:colcon.colcon_core.package_identification:_identify(.) by extensions ['python_setup_py']
[0.181s] Level 1:colcon.colcon_core.package_identification:_identify(.) by extension 'python_setup_py'
[0.181s] Level 1:colcon.colcon_core.package_identification:_identify(build) by extensions ['ignore', 'ignore_ament_install']
[0.181s] Level 1:colcon.colcon_core.package_identification:_identify(build) by extension 'ignore'
[0.181s] Level 1:colcon.colcon_core.package_identification:_identify(build) ignored
[0.181s] Level 1:colcon.colcon_core.package_identification:_identify(install) by extensions ['ignore', 'ignore_ament_install']
[0.181s] Level 1:colcon.colcon_core.package_identification:_identify(install) by extension 'ignore'
[0.181s] Level 1:colcon.colcon_core.package_identification:_identify(install) ignored
[0.182s] Level 1:colcon.colcon_core.package_identification:_identify(log) by extensions ['ignore', 'ignore_ament_install']
[0.182s] Level 1:colcon.colcon_core.package_identification:_identify(log) by extension 'ignore'
[0.182s] Level 1:colcon.colcon_core.package_identification:_identify(log) ignored
[0.182s] Level 1:colcon.colcon_core.package_identification:_identify(src) by extensions ['ignore', 'ignore_ament_install']
[0.182s] Level 1:colcon.colcon_core.package_identification:_identify(src) by extension 'ignore'
[0.182s] Level 1:colcon.colcon_core.package_identification:_identify(src) by extension 'ignore_ament_install'
[0.182s] Level 1:colcon.colcon_core.package_identification:_identify(src) by extensions ['colcon_pkg']
[0.182s] Level 1:colcon.colcon_core.package_identification:_identify(src) by extension 'colcon_pkg'
[0.182s] Level 1:colcon.colcon_core.package_identification:_identify(src) by extensions ['colcon_meta']
[0.182s] Level 1:colcon.colcon_core.package_identification:_identify(src) by extension 'colcon_meta'
[0.182s] Level 1:colcon.colcon_core.package_identification:_identify(src) by extensions ['ros']
[0.182s] Level 1:colcon.colcon_core.package_identification:_identify(src) by extension 'ros'
[0.182s] Level 1:colcon.colcon_core.package_identification:_identify(src) by extensions ['cmake', 'python']
[0.182s] Level 1:colcon.colcon_core.package_identification:_identify(src) by extension 'cmake'
[0.182s] Level 1:colcon.colcon_core.package_identification:_identify(src) by extension 'python'
[0.182s] Level 1:colcon.colcon_core.package_identification:_identify(src) by extensions ['python_setup_py']
[0.182s] Level 1:colcon.colcon_core.package_identification:_identify(src) by extension 'python_setup_py'
[0.182s] Level 1:colcon.colcon_core.package_identification:_identify(src/ur3e_write_q) by extensions ['ignore', 'ignore_ament_install']
[0.182s] Level 1:colcon.colcon_core.package_identification:_identify(src/ur3e_write_q) by extension 'ignore'
[0.182s] Level 1:colcon.colcon_core.package_identification:_identify(src/ur3e_write_q) by extension 'ignore_ament_install'
[0.182s] Level 1:colcon.colcon_core.package_identification:_identify(src/ur3e_write_q) by extensions ['colcon_pkg']
[0.182s] Level 1:colcon.colcon_core.package_identification:_identify(src/ur3e_write_q) by extension 'colcon_pkg'
[0.182s] Level 1:colcon.colcon_core.package_identification:_identify(src/ur3e_write_q) by extensions ['colcon_meta']
[0.182s] Level 1:colcon.colcon_core.package_identification:_identify(src/ur3e_write_q) by extension 'colcon_meta'
[0.182s] Level 1:colcon.colcon_core.package_identification:_identify(src/ur3e_write_q) by extensions ['ros']
[0.182s] Level 1:colcon.colcon_core.package_identification:_identify(src/ur3e_write_q) by extension 'ros'
[0.182s] Level 1:colcon.colcon_core.package_identification:_identify(src/ur3e_write_q) by extensions ['cmake', 'python']
[0.182s] Level 1:colcon.colcon_core.package_identification:_identify(src/ur3e_write_q) by extension 'cmake'
[0.182s] Level 1:colcon.colcon_core.package_identification:_identify(src/ur3e_write_q) by extension 'python'
[0.182s] Level 1:colcon.colcon_core.package_identification:_identify(src/ur3e_write_q) by extensions ['python_setup_py']
[0.182s] Level 1:colcon.colcon_core.package_identification:_identify(src/ur3e_write_q) by extension 'python_setup_py'
[0.182s] Level 1:colcon.colcon_core.package_identification:_identify(src/ur3e_write_q/ur3e_write_q) by extensions ['ignore', 'ignore_ament_install']
[0.183s] Level 1:colcon.colcon_core.package_identification:_identify(src/ur3e_write_q/ur3e_write_q) by extension 'ignore'
[0.183s] Level 1:colcon.colcon_core.package_identification:_identify(src/ur3e_write_q/ur3e_write_q) by extension 'ignore_ament_install'
[0.183s] Level 1:colcon.colcon_core.package_identification:_identify(src/ur3e_write_q/ur3e_write_q) by extensions ['colcon_pkg']
[0.183s] Level 1:colcon.colcon_core.package_identification:_identify(src/ur3e_write_q/ur3e_write_q) by extension 'colcon_pkg'
[0.183s] Level 1:colcon.colcon_core.package_identification:_identify(src/ur3e_write_q/ur3e_write_q) by extensions ['colcon_meta']
[0.183s] Level 1:colcon.colcon_core.package_identification:_identify(src/ur3e_write_q/ur3e_write_q) by extension 'colcon_meta'
[0.183s] Level 1:colcon.colcon_core.package_identification:_identify(src/ur3e_write_q/ur3e_write_q) by extensions ['ros']
[0.183s] Level 1:colcon.colcon_core.package_identification:_identify(src/ur3e_write_q/ur3e_write_q) by extension 'ros'
[0.184s] DEBUG:colcon.colcon_core.package_identification:Package 'src/ur3e_write_q/ur3e_write_q' with type 'ros.ament_cmake' and name 'ur3e_write_q'
[0.184s] Level 1:colcon.colcon_core.package_identification:_identify(src/ur_simulation_gz) by extensions ['ignore', 'ignore_ament_install']
[0.184s] Level 1:colcon.colcon_core.package_identification:_identify(src/ur_simulation_gz) by extension 'ignore'
[0.184s] Level 1:colcon.colcon_core.package_identification:_identify(src/ur_simulation_gz) by extension 'ignore_ament_install'
[0.184s] Level 1:colcon.colcon_core.package_identification:_identify(src/ur_simulation_gz) by extensions ['colcon_pkg']
[0.185s] Level 1:colcon.colcon_core.package_identification:_identify(src/ur_simulation_gz) by extension 'colcon_pkg'
[0.185s] Level 1:colcon.colcon_core.package_identification:_identify(src/ur_simulation_gz) by extensions ['colcon_meta']
[0.185s] Level 1:colcon.colcon_core.package_identification:_identify(src/ur_simulation_gz) by extension 'colcon_meta'
[0.185s] Level 1:colcon.colcon_core.package_identification:_identify(src/ur_simulation_gz) by extensions ['ros']
[0.185s] Level 1:colcon.colcon_core.package_identification:_identify(src/ur_simulation_gz) by extension 'ros'
[0.185s] Level 1:colcon.colcon_core.package_identification:_identify(src/ur_simulation_gz) by extensions ['cmake', 'python']
[0.185s] Level 1:colcon.colcon_core.package_identification:_identify(src/ur_simulation_gz) by extension 'cmake'
[0.185s] Level 1:colcon.colcon_core.package_identification:_identify(src/ur_simulation_gz) by extension 'python'
[0.185s] Level 1:colcon.colcon_core.package_identification:_identify(src/ur_simulation_gz) by extensions ['python_setup_py']
[0.185s] Level 1:colcon.colcon_core.package_identification:_identify(src/ur_simulation_gz) by extension 'python_setup_py'
[0.185s] Level 1:colcon.colcon_core.package_identification:_identify(src/ur_simulation_gz/ur_simulation_gz) by extensions ['ignore', 'ignore_ament_install']
[0.185s] Level 1:colcon.colcon_core.package_identification:_identify(src/ur_simulation_gz/ur_simulation_gz) by extension 'ignore'
[0.185s] Level 1:colcon.colcon_core.package_identification:_identify(src/ur_simulation_gz/ur_simulation_gz) by extension 'ignore_ament_install'
[0.185s] Level 1:colcon.colcon_core.package_identification:_identify(src/ur_simulation_gz/ur_simulation_gz) by extensions ['colcon_pkg']
[0.185s] Level 1:colcon.colcon_core.package_identification:_identify(src/ur_simulation_gz/ur_simulation_gz) by extension 'colcon_pkg'
[0.185s] Level 1:colcon.colcon_core.package_identification:_identify(src/ur_simulation_gz/ur_simulation_gz) by extensions ['colcon_meta']
[0.185s] Level 1:colcon.colcon_core.package_identification:_identify(src/ur_simulation_gz/ur_simulation_gz) by extension 'colcon_meta'
[0.185s] Level 1:colcon.colcon_core.package_identification:_identify(src/ur_simulation_gz/ur_simulation_gz) by extensions ['ros']
[0.185s] Level 1:colcon.colcon_core.package_identification:_identify(src/ur_simulation_gz/ur_simulation_gz) by extension 'ros'
[0.186s] DEBUG:colcon.colcon_core.package_identification:Package 'src/ur_simulation_gz/ur_simulation_gz' with type 'ros.ament_cmake' and name 'ur_simulation_gz'
[0.186s] Level 1:colcon.colcon_core.package_discovery:discover_packages(recursive) using defaults
[0.186s] Level 1:colcon.colcon_core.package_discovery:discover_packages(ignore) discover
[0.186s] Level 1:colcon.colcon_core.package_discovery:discover_packages(ignore) using defaults
[0.186s] Level 1:colcon.colcon_core.package_discovery:discover_packages(path) discover
[0.186s] Level 1:colcon.colcon_core.package_discovery:discover_packages(path) using defaults
[0.199s] Level 1:colcon.colcon_core.package_discovery:discover_packages(prefix_path) check parameters
[0.199s] Level 1:colcon.colcon_core.package_discovery:discover_packages(prefix_path) discover
[0.200s] DEBUG:colcon.colcon_installed_package_information.package_discovery:Found 2 installed packages in /home/quan/workspaces/ur_gz/install
[0.200s] DEBUG:colcon.colcon_installed_package_information.package_discovery:Found 8 installed packages in /home/quan/ros2_ws/install
[0.200s] DEBUG:colcon.colcon_installed_package_information.package_discovery:Found 1 installed packages in /home/quan/ros2_ws/src/msgs_test/install
[0.202s] DEBUG:colcon.colcon_installed_package_information.package_discovery:Found 483 installed packages in /opt/ros/humble
[0.203s] Level 1:colcon.colcon_core.package_discovery:discover_packages(prefix_path) using defaults
[0.234s] Level 5:colcon.colcon_core.verb:set package 'ur_simulation_gz' build argument 'cmake_args' from command line to 'None'
[0.234s] Level 5:colcon.colcon_core.verb:set package 'ur_simulation_gz' build argument 'cmake_target' from command line to 'None'
[0.234s] Level 5:colcon.colcon_core.verb:set package 'ur_simulation_gz' build argument 'cmake_target_skip_unavailable' from command line to 'False'
[0.234s] Level 5:colcon.colcon_core.verb:set package 'ur_simulation_gz' build argument 'cmake_clean_cache' from command line to 'False'
[0.234s] Level 5:colcon.colcon_core.verb:set package 'ur_simulation_gz' build argument 'cmake_clean_first' from command line to 'False'
[0.234s] Level 5:colcon.colcon_core.verb:set package 'ur_simulation_gz' build argument 'cmake_force_configure' from command line to 'False'
[0.234s] Level 5:colcon.colcon_core.verb:set package 'ur_simulation_gz' build argument 'ament_cmake_args' from command line to 'None'
[0.234s] Level 5:colcon.colcon_core.verb:set package 'ur_simulation_gz' build argument 'catkin_cmake_args' from command line to 'None'
[0.234s] Level 5:colcon.colcon_core.verb:set package 'ur_simulation_gz' build argument 'catkin_skip_building_tests' from command line to 'False'
[0.234s] DEBUG:colcon.colcon_core.verb:Building package 'ur_simulation_gz' with the following arguments: {'ament_cmake_args': None, 'build_base': '/home/quan/workspaces/ur_gz/build/ur_simulation_gz', 'catkin_cmake_args': None, 'catkin_skip_building_tests': False, 'cmake_args': None, 'cmake_clean_cache': False, 'cmake_clean_first': False, 'cmake_force_configure': False, 'cmake_target': None, 'cmake_target_skip_unavailable': False, 'install_base': '/home/quan/workspaces/ur_gz/install/ur_simulation_gz', 'merge_install': False, 'path': '/home/quan/workspaces/ur_gz/src/ur_simulation_gz/ur_simulation_gz', 'symlink_install': False, 'test_result_base': None}
[0.234s] Level 5:colcon.colcon_core.verb:set package 'ur3e_write_q' build argument 'cmake_args' from command line to 'None'
[0.234s] Level 5:colcon.colcon_core.verb:set package 'ur3e_write_q' build argument 'cmake_target' from command line to 'None'
[0.234s] Level 5:colcon.colcon_core.verb:set package 'ur3e_write_q' build argument 'cmake_target_skip_unavailable' from command line to 'False'
[0.234s] Level 5:colcon.colcon_core.verb:set package 'ur3e_write_q' build argument 'cmake_clean_cache' from command line to 'False'
[0.234s] Level 5:colcon.colcon_core.verb:set package 'ur3e_write_q' build argument 'cmake_clean_first' from command line to 'False'
[0.235s] Level 5:colcon.colcon_core.verb:set package 'ur3e_write_q' build argument 'cmake_force_configure' from command line to 'False'
[0.235s] Level 5:colcon.colcon_core.verb:set package 'ur3e_write_q' build argument 'ament_cmake_args' from command line to 'None'
[0.235s] Level 5:colcon.colcon_core.verb:set package 'ur3e_write_q' build argument 'catkin_cmake_args' from command line to 'None'
[0.235s] Level 5:colcon.colcon_core.verb:set package 'ur3e_write_q' build argument 'catkin_skip_building_tests' from command line to 'False'
[0.235s] DEBUG:colcon.colcon_core.verb:Building package 'ur3e_write_q' with the following arguments: {'ament_cmake_args': None, 'build_base': '/home/quan/workspaces/ur_gz/build/ur3e_write_q', 'catkin_cmake_args': None, 'catkin_skip_building_tests': False, 'cmake_args': None, 'cmake_clean_cache': False, 'cmake_clean_first': False, 'cmake_force_configure': False, 'cmake_target': None, 'cmake_target_skip_unavailable': False, 'install_base': '/home/quan/workspaces/ur_gz/install/ur3e_write_q', 'merge_install': False, 'path': '/home/quan/workspaces/ur_gz/src/ur3e_write_q/ur3e_write_q', 'symlink_install': False, 'test_result_base': None}
[0.235s] INFO:colcon.colcon_core.executor:Executing jobs using 'parallel' executor
[0.236s] DEBUG:colcon.colcon_parallel_executor.executor.parallel:run_until_complete
[0.236s] INFO:colcon.colcon_ros.task.ament_cmake.build:Building ROS package in '/home/quan/workspaces/ur_gz/src/ur_simulation_gz/ur_simulation_gz' with build type 'ament_cmake'
[0.236s] INFO:colcon.colcon_cmake.task.cmake.build:Building CMake package in '/home/quan/workspaces/ur_gz/src/ur_simulation_gz/ur_simulation_gz'
[0.238s] INFO:colcon.colcon_core.plugin_system:Skipping extension 'colcon_core.shell.bat': Not used on non-Windows systems
[0.238s] INFO:colcon.colcon_core.shell:Skip shell extension 'powershell' for command environment: Not usable outside of PowerShell
[0.238s] DEBUG:colcon.colcon_core.shell:Skip shell extension 'dsv' for command environment
[0.248s] DEBUG:colcon.colcon_core.event_handler.log_command:Invoking command in '/home/quan/workspaces/ur_gz/build/ur_simulation_gz': CMAKE_PREFIX_PATH=${CMAKE_PREFIX_PATH}:/home/quan/ros2_ws/install/my_turtlesim:/home/quan/ros2_ws/install/my_robot_logic:/home/quan/ros2_ws/install/my_robot_controller:/home/quan/ros2_ws/install/lifecycle_pkg:/opt/ros/humble /usr/bin/cmake --build /home/quan/workspaces/ur_gz/build/ur_simulation_gz -- -j16 -l16
[0.281s] DEBUG:colcon.colcon_core.event_handler.log_command:Invoked command in '/home/quan/workspaces/ur_gz/build/ur_simulation_gz' returned '0': CMAKE_PREFIX_PATH=${CMAKE_PREFIX_PATH}:/home/quan/ros2_ws/install/my_turtlesim:/home/quan/ros2_ws/install/my_robot_logic:/home/quan/ros2_ws/install/my_robot_controller:/home/quan/ros2_ws/install/lifecycle_pkg:/opt/ros/humble /usr/bin/cmake --build /home/quan/workspaces/ur_gz/build/ur_simulation_gz -- -j16 -l16
[0.290s] DEBUG:colcon.colcon_core.event_handler.log_command:Invoking command in '/home/quan/workspaces/ur_gz/build/ur_simulation_gz': CMAKE_PREFIX_PATH=${CMAKE_PREFIX_PATH}:/home/quan/ros2_ws/install/my_turtlesim:/home/quan/ros2_ws/install/my_robot_logic:/home/quan/ros2_ws/install/my_robot_controller:/home/quan/ros2_ws/install/lifecycle_pkg:/opt/ros/humble /usr/bin/cmake --install /home/quan/workspaces/ur_gz/build/ur_simulation_gz
[0.297s] Level 1:colcon.colcon_core.environment:create_environment_scripts_only(ur_simulation_gz)
[0.298s] DEBUG:colcon.colcon_core.event_handler.log_command:Invoked command in '/home/quan/workspaces/ur_gz/build/ur_simulation_gz' returned '0': CMAKE_PREFIX_PATH=${CMAKE_PREFIX_PATH}:/home/quan/ros2_ws/install/my_turtlesim:/home/quan/ros2_ws/install/my_robot_logic:/home/quan/ros2_ws/install/my_robot_controller:/home/quan/ros2_ws/install/lifecycle_pkg:/opt/ros/humble /usr/bin/cmake --install /home/quan/workspaces/ur_gz/build/ur_simulation_gz
[0.299s] Level 1:colcon.colcon_core.environment:checking '/home/quan/workspaces/ur_gz/install/ur_simulation_gz' for CMake module files
[0.299s] Level 1:colcon.colcon_core.environment:checking '/home/quan/workspaces/ur_gz/install/ur_simulation_gz' for CMake config files
[0.300s] Level 1:colcon.colcon_core.shell:create_environment_hook('ur_simulation_gz', 'cmake_prefix_path')
[0.300s] INFO:colcon.colcon_core.shell:Creating environment hook '/home/quan/workspaces/ur_gz/install/ur_simulation_gz/share/ur_simulation_gz/hook/cmake_prefix_path.ps1'
[0.300s] INFO:colcon.colcon_core.shell:Creating environment descriptor '/home/quan/workspaces/ur_gz/install/ur_simulation_gz/share/ur_simulation_gz/hook/cmake_prefix_path.dsv'
[0.300s] INFO:colcon.colcon_core.shell:Creating environment hook '/home/quan/workspaces/ur_gz/install/ur_simulation_gz/share/ur_simulation_gz/hook/cmake_prefix_path.sh'
[0.301s] Level 1:colcon.colcon_core.environment:checking '/home/quan/workspaces/ur_gz/install/ur_simulation_gz/bin'
[0.301s] Level 1:colcon.colcon_core.environment:checking '/home/quan/workspaces/ur_gz/install/ur_simulation_gz/lib/pkgconfig/ur_simulation_gz.pc'
[0.301s] Level 1:colcon.colcon_core.environment:checking '/home/quan/workspaces/ur_gz/install/ur_simulation_gz/lib/python3.10/site-packages'
[0.301s] Level 1:colcon.colcon_core.environment:checking '/home/quan/workspaces/ur_gz/install/ur_simulation_gz/bin'
[0.302s] INFO:colcon.colcon_core.shell:Creating package script '/home/quan/workspaces/ur_gz/install/ur_simulation_gz/share/ur_simulation_gz/package.ps1'
[0.302s] INFO:colcon.colcon_core.shell:Creating package descriptor '/home/quan/workspaces/ur_gz/install/ur_simulation_gz/share/ur_simulation_gz/package.dsv'
[0.303s] INFO:colcon.colcon_core.shell:Creating package script '/home/quan/workspaces/ur_gz/install/ur_simulation_gz/share/ur_simulation_gz/package.sh'
[0.303s] INFO:colcon.colcon_core.shell:Creating package script '/home/quan/workspaces/ur_gz/install/ur_simulation_gz/share/ur_simulation_gz/package.bash'
[0.303s] INFO:colcon.colcon_core.shell:Creating package script '/home/quan/workspaces/ur_gz/install/ur_simulation_gz/share/ur_simulation_gz/package.zsh'
[0.304s] Level 1:colcon.colcon_core.environment:create_file_with_runtime_dependencies(/home/quan/workspaces/ur_gz/install/ur_simulation_gz/share/colcon-core/packages/ur_simulation_gz)
[0.304s] Level 1:colcon.colcon_core.environment:create_environment_scripts_only(ur_simulation_gz)
[0.304s] Level 1:colcon.colcon_core.environment:checking '/home/quan/workspaces/ur_gz/install/ur_simulation_gz' for CMake module files
[0.304s] Level 1:colcon.colcon_core.environment:checking '/home/quan/workspaces/ur_gz/install/ur_simulation_gz' for CMake config files
[0.305s] Level 1:colcon.colcon_core.shell:create_environment_hook('ur_simulation_gz', 'cmake_prefix_path')
[0.305s] INFO:colcon.colcon_core.shell:Creating environment hook '/home/quan/workspaces/ur_gz/install/ur_simulation_gz/share/ur_simulation_gz/hook/cmake_prefix_path.ps1'
[0.305s] INFO:colcon.colcon_core.shell:Creating environment descriptor '/home/quan/workspaces/ur_gz/install/ur_simulation_gz/share/ur_simulation_gz/hook/cmake_prefix_path.dsv'
[0.305s] INFO:colcon.colcon_core.shell:Creating environment hook '/home/quan/workspaces/ur_gz/install/ur_simulation_gz/share/ur_simulation_gz/hook/cmake_prefix_path.sh'
[0.305s] Level 1:colcon.colcon_core.environment:checking '/home/quan/workspaces/ur_gz/install/ur_simulation_gz/bin'
[0.305s] Level 1:colcon.colcon_core.environment:checking '/home/quan/workspaces/ur_gz/install/ur_simulation_gz/lib/pkgconfig/ur_simulation_gz.pc'
[0.306s] Level 1:colcon.colcon_core.environment:checking '/home/quan/workspaces/ur_gz/install/ur_simulation_gz/lib/python3.10/site-packages'
[0.306s] Level 1:colcon.colcon_core.environment:checking '/home/quan/workspaces/ur_gz/install/ur_simulation_gz/bin'
[0.306s] INFO:colcon.colcon_core.shell:Creating package script '/home/quan/workspaces/ur_gz/install/ur_simulation_gz/share/ur_simulation_gz/package.ps1'
[0.306s] INFO:colcon.colcon_core.shell:Creating package descriptor '/home/quan/workspaces/ur_gz/install/ur_simulation_gz/share/ur_simulation_gz/package.dsv'
[0.307s] INFO:colcon.colcon_core.shell:Creating package script '/home/quan/workspaces/ur_gz/install/ur_simulation_gz/share/ur_simulation_gz/package.sh'
[0.307s] INFO:colcon.colcon_core.shell:Creating package script '/home/quan/workspaces/ur_gz/install/ur_simulation_gz/share/ur_simulation_gz/package.bash'
[0.308s] INFO:colcon.colcon_core.shell:Creating package script '/home/quan/workspaces/ur_gz/install/ur_simulation_gz/share/ur_simulation_gz/package.zsh'
[0.308s] Level 1:colcon.colcon_core.environment:create_file_with_runtime_dependencies(/home/quan/workspaces/ur_gz/install/ur_simulation_gz/share/colcon-core/packages/ur_simulation_gz)
[0.308s] INFO:colcon.colcon_ros.task.ament_cmake.build:Building ROS package in '/home/quan/workspaces/ur_gz/src/ur3e_write_q/ur3e_write_q' with build type 'ament_cmake'
[0.308s] INFO:colcon.colcon_cmake.task.cmake.build:Building CMake package in '/home/quan/workspaces/ur_gz/src/ur3e_write_q/ur3e_write_q'
[0.309s] INFO:colcon.colcon_core.shell:Skip shell extension 'powershell' for command environment: Not usable outside of PowerShell
[0.309s] DEBUG:colcon.colcon_core.shell:Skip shell extension 'dsv' for command environment
[0.318s] DEBUG:colcon.colcon_core.event_handler.log_command:Invoking command in '/home/quan/workspaces/ur_gz/build/ur3e_write_q': CMAKE_PREFIX_PATH=/home/quan/workspaces/ur_gz/install/ur_simulation_gz:/home/quan/workspaces/ur_gz/install/ur3e_write_q:/home/quan/ros2_ws/install/robot1:/home/quan/ros2_ws/install/robot:/home/quan/ros2_ws/install/msgs_test:/home/quan/ros2_ws/install/component_pkg:/home/quan/ros2_ws/src/msgs_test/install/msgs_test:/home/quan/ros2_ws/install/my_turtlesim:/home/quan/ros2_ws/install/my_robot_logic:/home/quan/ros2_ws/install/my_robot_controller:/home/quan/ros2_ws/install/lifecycle_pkg:/opt/ros/humble /usr/bin/cmake /home/quan/workspaces/ur_gz/src/ur3e_write_q/ur3e_write_q -DCMAKE_INSTALL_PREFIX=/home/quan/workspaces/ur_gz/install/ur3e_write_q
[0.505s] DEBUG:colcon.colcon_core.event_handler.log_command:Invoked command in '/home/quan/workspaces/ur_gz/build/ur3e_write_q' returned '0': CMAKE_PREFIX_PATH=/home/quan/workspaces/ur_gz/install/ur_simulation_gz:/home/quan/workspaces/ur_gz/install/ur3e_write_q:/home/quan/ros2_ws/install/robot1:/home/quan/ros2_ws/install/robot:/home/quan/ros2_ws/install/msgs_test:/home/quan/ros2_ws/install/component_pkg:/home/quan/ros2_ws/src/msgs_test/install/msgs_test:/home/quan/ros2_ws/install/my_turtlesim:/home/quan/ros2_ws/install/my_robot_logic:/home/quan/ros2_ws/install/my_robot_controller:/home/quan/ros2_ws/install/lifecycle_pkg:/opt/ros/humble /usr/bin/cmake /home/quan/workspaces/ur_gz/src/ur3e_write_q/ur3e_write_q -DCMAKE_INSTALL_PREFIX=/home/quan/workspaces/ur_gz/install/ur3e_write_q
[0.505s] DEBUG:colcon.colcon_core.event_handler.log_command:Invoking command in '/home/quan/workspaces/ur_gz/build/ur3e_write_q': CMAKE_PREFIX_PATH=/home/quan/workspaces/ur_gz/install/ur_simulation_gz:/home/quan/workspaces/ur_gz/install/ur3e_write_q:/home/quan/ros2_ws/install/robot1:/home/quan/ros2_ws/install/robot:/home/quan/ros2_ws/install/msgs_test:/home/quan/ros2_ws/install/component_pkg:/home/quan/ros2_ws/src/msgs_test/install/msgs_test:/home/quan/ros2_ws/install/my_turtlesim:/home/quan/ros2_ws/install/my_robot_logic:/home/quan/ros2_ws/install/my_robot_controller:/home/quan/ros2_ws/install/lifecycle_pkg:/opt/ros/humble /usr/bin/cmake --build /home/quan/workspaces/ur_gz/build/ur3e_write_q -- -j16 -l16
[0.536s] DEBUG:colcon.colcon_core.event_handler.log_command:Invoked command in '/home/quan/workspaces/ur_gz/build/ur3e_write_q' returned '0': CMAKE_PREFIX_PATH=/home/quan/workspaces/ur_gz/install/ur_simulation_gz:/home/quan/workspaces/ur_gz/install/ur3e_write_q:/home/quan/ros2_ws/install/robot1:/home/quan/ros2_ws/install/robot:/home/quan/ros2_ws/install/msgs_test:/home/quan/ros2_ws/install/component_pkg:/home/quan/ros2_ws/src/msgs_test/install/msgs_test:/home/quan/ros2_ws/install/my_turtlesim:/home/quan/ros2_ws/install/my_robot_logic:/home/quan/ros2_ws/install/my_robot_controller:/home/quan/ros2_ws/install/lifecycle_pkg:/opt/ros/humble /usr/bin/cmake --build /home/quan/workspaces/ur_gz/build/ur3e_write_q -- -j16 -l16
[0.538s] DEBUG:colcon.colcon_core.event_handler.log_command:Invoking command in '/home/quan/workspaces/ur_gz/build/ur3e_write_q': CMAKE_PREFIX_PATH=/home/quan/workspaces/ur_gz/install/ur_simulation_gz:/home/quan/workspaces/ur_gz/install/ur3e_write_q:/home/quan/ros2_ws/install/robot1:/home/quan/ros2_ws/install/robot:/home/quan/ros2_ws/install/msgs_test:/home/quan/ros2_ws/install/component_pkg:/home/quan/ros2_ws/src/msgs_test/install/msgs_test:/home/quan/ros2_ws/install/my_turtlesim:/home/quan/ros2_ws/install/my_robot_logic:/home/quan/ros2_ws/install/my_robot_controller:/home/quan/ros2_ws/install/lifecycle_pkg:/opt/ros/humble /usr/bin/cmake --install /home/quan/workspaces/ur_gz/build/ur3e_write_q
[0.554s] Level 1:colcon.colcon_core.environment:create_environment_scripts_only(ur3e_write_q)
[0.554s] DEBUG:colcon.colcon_core.event_handler.log_command:Invoked command in '/home/quan/workspaces/ur_gz/build/ur3e_write_q' returned '0': CMAKE_PREFIX_PATH=/home/quan/workspaces/ur_gz/install/ur_simulation_gz:/home/quan/workspaces/ur_gz/install/ur3e_write_q:/home/quan/ros2_ws/install/robot1:/home/quan/ros2_ws/install/robot:/home/quan/ros2_ws/install/msgs_test:/home/quan/ros2_ws/install/component_pkg:/home/quan/ros2_ws/src/msgs_test/install/msgs_test:/home/quan/ros2_ws/install/my_turtlesim:/home/quan/ros2_ws/install/my_robot_logic:/home/quan/ros2_ws/install/my_robot_controller:/home/quan/ros2_ws/install/lifecycle_pkg:/opt/ros/humble /usr/bin/cmake --install /home/quan/workspaces/ur_gz/build/ur3e_write_q
[0.554s] Level 1:colcon.colcon_core.environment:checking '/home/quan/workspaces/ur_gz/install/ur3e_write_q' for CMake module files
[0.555s] Level 1:colcon.colcon_core.environment:checking '/home/quan/workspaces/ur_gz/install/ur3e_write_q' for CMake config files
[0.556s] Level 1:colcon.colcon_core.shell:create_environment_hook('ur3e_write_q', 'cmake_prefix_path')
[0.556s] INFO:colcon.colcon_core.shell:Creating environment hook '/home/quan/workspaces/ur_gz/install/ur3e_write_q/share/ur3e_write_q/hook/cmake_prefix_path.ps1'
[0.556s] INFO:colcon.colcon_core.shell:Creating environment descriptor '/home/quan/workspaces/ur_gz/install/ur3e_write_q/share/ur3e_write_q/hook/cmake_prefix_path.dsv'
[0.556s] INFO:colcon.colcon_core.shell:Creating environment hook '/home/quan/workspaces/ur_gz/install/ur3e_write_q/share/ur3e_write_q/hook/cmake_prefix_path.sh'
[0.557s] Level 1:colcon.colcon_core.environment:checking '/home/quan/workspaces/ur_gz/install/ur3e_write_q/lib'
[0.557s] Level 1:colcon.colcon_core.environment:checking '/home/quan/workspaces/ur_gz/install/ur3e_write_q/bin'
[0.557s] Level 1:colcon.colcon_core.environment:checking '/home/quan/workspaces/ur_gz/install/ur3e_write_q/lib/pkgconfig/ur3e_write_q.pc'
[0.557s] Level 1:colcon.colcon_core.environment:checking '/home/quan/workspaces/ur_gz/install/ur3e_write_q/lib/python3.10/site-packages'
[0.557s] Level 1:colcon.colcon_core.environment:checking '/home/quan/workspaces/ur_gz/install/ur3e_write_q/bin'
[0.558s] INFO:colcon.colcon_core.shell:Creating package script '/home/quan/workspaces/ur_gz/install/ur3e_write_q/share/ur3e_write_q/package.ps1'
[0.558s] INFO:colcon.colcon_core.shell:Creating package descriptor '/home/quan/workspaces/ur_gz/install/ur3e_write_q/share/ur3e_write_q/package.dsv'
[0.558s] INFO:colcon.colcon_core.shell:Creating package script '/home/quan/workspaces/ur_gz/install/ur3e_write_q/share/ur3e_write_q/package.sh'
[0.559s] INFO:colcon.colcon_core.shell:Creating package script '/home/quan/workspaces/ur_gz/install/ur3e_write_q/share/ur3e_write_q/package.bash'
[0.559s] INFO:colcon.colcon_core.shell:Creating package script '/home/quan/workspaces/ur_gz/install/ur3e_write_q/share/ur3e_write_q/package.zsh'
[0.559s] Level 1:colcon.colcon_core.environment:create_file_with_runtime_dependencies(/home/quan/workspaces/ur_gz/install/ur3e_write_q/share/colcon-core/packages/ur3e_write_q)
[0.559s] Level 1:colcon.colcon_core.environment:create_environment_scripts_only(ur3e_write_q)
[0.559s] Level 1:colcon.colcon_core.environment:checking '/home/quan/workspaces/ur_gz/install/ur3e_write_q' for CMake module files
[0.560s] Level 1:colcon.colcon_core.environment:checking '/home/quan/workspaces/ur_gz/install/ur3e_write_q' for CMake config files
[0.560s] Level 1:colcon.colcon_core.shell:create_environment_hook('ur3e_write_q', 'cmake_prefix_path')
[0.560s] INFO:colcon.colcon_core.shell:Creating environment hook '/home/quan/workspaces/ur_gz/install/ur3e_write_q/share/ur3e_write_q/hook/cmake_prefix_path.ps1'
[0.560s] INFO:colcon.colcon_core.shell:Creating environment descriptor '/home/quan/workspaces/ur_gz/install/ur3e_write_q/share/ur3e_write_q/hook/cmake_prefix_path.dsv'
[0.561s] INFO:colcon.colcon_core.shell:Creating environment hook '/home/quan/workspaces/ur_gz/install/ur3e_write_q/share/ur3e_write_q/hook/cmake_prefix_path.sh'
[0.561s] Level 1:colcon.colcon_core.environment:checking '/home/quan/workspaces/ur_gz/install/ur3e_write_q/lib'
[0.561s] Level 1:colcon.colcon_core.environment:checking '/home/quan/workspaces/ur_gz/install/ur3e_write_q/bin'
[0.561s] Level 1:colcon.colcon_core.environment:checking '/home/quan/workspaces/ur_gz/install/ur3e_write_q/lib/pkgconfig/ur3e_write_q.pc'
[0.561s] Level 1:colcon.colcon_core.environment:checking '/home/quan/workspaces/ur_gz/install/ur3e_write_q/lib/python3.10/site-packages'
[0.561s] Level 1:colcon.colcon_core.environment:checking '/home/quan/workspaces/ur_gz/install/ur3e_write_q/bin'
[0.562s] INFO:colcon.colcon_core.shell:Creating package script '/home/quan/workspaces/ur_gz/install/ur3e_write_q/share/ur3e_write_q/package.ps1'
[0.562s] INFO:colcon.colcon_core.shell:Creating package descriptor '/home/quan/workspaces/ur_gz/install/ur3e_write_q/share/ur3e_write_q/package.dsv'
[0.562s] INFO:colcon.colcon_core.shell:Creating package script '/home/quan/workspaces/ur_gz/install/ur3e_write_q/share/ur3e_write_q/package.sh'
[0.563s] INFO:colcon.colcon_core.shell:Creating package script '/home/quan/workspaces/ur_gz/install/ur3e_write_q/share/ur3e_write_q/package.bash'
[0.563s] INFO:colcon.colcon_core.shell:Creating package script '/home/quan/workspaces/ur_gz/install/ur3e_write_q/share/ur3e_write_q/package.zsh'
[0.563s] Level 1:colcon.colcon_core.environment:create_file_with_runtime_dependencies(/home/quan/workspaces/ur_gz/install/ur3e_write_q/share/colcon-core/packages/ur3e_write_q)
[0.563s] DEBUG:colcon.colcon_parallel_executor.executor.parallel:closing loop
[0.563s] DEBUG:colcon.colcon_parallel_executor.executor.parallel:loop closed
[0.564s] DEBUG:colcon.colcon_parallel_executor.executor.parallel:run_until_complete finished with '0'
[0.564s] DEBUG:colcon.colcon_core.event_reactor:joining thread
[0.567s] INFO:colcon.colcon_core.plugin_system:Skipping extension 'colcon_notification.desktop_notification.terminal_notifier': Not used on non-Darwin systems
[0.567s] INFO:colcon.colcon_core.plugin_system:Skipping extension 'colcon_notification.desktop_notification.win32': Not used on non-Windows systems
[0.568s] INFO:colcon.colcon_notification.desktop_notification:Sending desktop notification using 'notify2'
[0.577s] DEBUG:colcon.colcon_core.event_reactor:joined thread
[0.578s] INFO:colcon.colcon_core.shell:Creating prefix script '/home/quan/workspaces/ur_gz/install/local_setup.ps1'
[0.579s] INFO:colcon.colcon_core.shell:Creating prefix util module '/home/quan/workspaces/ur_gz/install/_local_setup_util_ps1.py'
[0.579s] INFO:colcon.colcon_core.shell:Creating prefix chain script '/home/quan/workspaces/ur_gz/install/setup.ps1'
[0.580s] INFO:colcon.colcon_core.shell:Creating prefix script '/home/quan/workspaces/ur_gz/install/local_setup.sh'
[0.581s] INFO:colcon.colcon_core.shell:Creating prefix util module '/home/quan/workspaces/ur_gz/install/_local_setup_util_sh.py'
[0.581s] INFO:colcon.colcon_core.shell:Creating prefix chain script '/home/quan/workspaces/ur_gz/install/setup.sh'
[0.582s] INFO:colcon.colcon_core.shell:Creating prefix script '/home/quan/workspaces/ur_gz/install/local_setup.bash'
[0.582s] INFO:colcon.colcon_core.shell:Creating prefix chain script '/home/quan/workspaces/ur_gz/install/setup.bash'
[0.583s] INFO:colcon.colcon_core.shell:Creating prefix script '/home/quan/workspaces/ur_gz/install/local_setup.zsh'
[0.583s] INFO:colcon.colcon_core.shell:Creating prefix chain script '/home/quan/workspaces/ur_gz/install/setup.zsh'
