[0.010s] Invoking command in '/home/quan/workspaces/ur_gz/build/ur3e_write_q': CMAKE_PREFIX_PATH=/home/quan/workspaces/ur_gz/install/ur_simulation_gz:/home/quan/workspaces/ur_gz/install/ur3e_write_q:/home/quan/ros2_ws/install/robot1:/home/quan/ros2_ws/install/robot:/home/quan/ros2_ws/install/msgs_test:/home/quan/ros2_ws/install/component_pkg:/home/quan/ros2_ws/src/msgs_test/install/msgs_test:/home/quan/ros2_ws/install/my_turtlesim:/home/quan/ros2_ws/install/my_robot_logic:/home/quan/ros2_ws/install/my_robot_controller:/home/quan/ros2_ws/install/lifecycle_pkg:/opt/ros/humble /usr/bin/cmake /home/quan/workspaces/ur_gz/src/ur3e_write_q/ur3e_write_q -DAMENT_CMAKE_SYMLINK_INSTALL=1 -DCMAKE_INSTALL_PREFIX=/home/quan/workspaces/ur_gz/install/ur3e_write_q
[0.055s] -- The C compiler identification is GNU 11.4.0
[0.098s] -- The CXX compiler identification is GNU 11.4.0
[0.103s] -- Detecting C compiler ABI info
[0.165s] -- Detecting C compiler ABI info - done
[0.171s] -- Check for working C compiler: /usr/bin/cc - skipped
[0.171s] -- Detecting C compile features
[0.171s] -- Detecting C compile features - done
[0.174s] -- Detecting CXX compiler ABI info
[0.239s] -- Detecting CXX compiler ABI info - done
[0.244s] -- Check for working CXX compiler: /usr/bin/c++ - skipped
[0.244s] -- Detecting CXX compile features
[0.244s] -- Detecting CXX compile features - done
[0.246s] -- Found ament_cmake: 1.3.14 (/opt/ros/humble/share/ament_cmake/cmake)
[0.371s] -- Found Python3: /usr/bin/python3 (found version "3.10.12") found components: Interpreter 
[0.419s] -- Override CMake install command with custom implementation using symlinks instead of copying resources
[0.489s] -- Configuring done
[0.490s] -- Generating done
[0.491s] -- Build files have been written to: /home/quan/workspaces/ur_gz/build/ur3e_write_q
[0.494s] Invoked command in '/home/quan/workspaces/ur_gz/build/ur3e_write_q' returned '0': CMAKE_PREFIX_PATH=/home/quan/workspaces/ur_gz/install/ur_simulation_gz:/home/quan/workspaces/ur_gz/install/ur3e_write_q:/home/quan/ros2_ws/install/robot1:/home/quan/ros2_ws/install/robot:/home/quan/ros2_ws/install/msgs_test:/home/quan/ros2_ws/install/component_pkg:/home/quan/ros2_ws/src/msgs_test/install/msgs_test:/home/quan/ros2_ws/install/my_turtlesim:/home/quan/ros2_ws/install/my_robot_logic:/home/quan/ros2_ws/install/my_robot_controller:/home/quan/ros2_ws/install/lifecycle_pkg:/opt/ros/humble /usr/bin/cmake /home/quan/workspaces/ur_gz/src/ur3e_write_q/ur3e_write_q -DAMENT_CMAKE_SYMLINK_INSTALL=1 -DCMAKE_INSTALL_PREFIX=/home/quan/workspaces/ur_gz/install/ur3e_write_q
[0.496s] Invoking command in '/home/quan/workspaces/ur_gz/build/ur3e_write_q': CMAKE_PREFIX_PATH=/home/quan/workspaces/ur_gz/install/ur_simulation_gz:/home/quan/workspaces/ur_gz/install/ur3e_write_q:/home/quan/ros2_ws/install/robot1:/home/quan/ros2_ws/install/robot:/home/quan/ros2_ws/install/msgs_test:/home/quan/ros2_ws/install/component_pkg:/home/quan/ros2_ws/src/msgs_test/install/msgs_test:/home/quan/ros2_ws/install/my_turtlesim:/home/quan/ros2_ws/install/my_robot_logic:/home/quan/ros2_ws/install/my_robot_controller:/home/quan/ros2_ws/install/lifecycle_pkg:/opt/ros/humble /usr/bin/cmake --build /home/quan/workspaces/ur_gz/build/ur3e_write_q -- -j16 -l16
[0.531s] Invoked command in '/home/quan/workspaces/ur_gz/build/ur3e_write_q' returned '0': CMAKE_PREFIX_PATH=/home/quan/workspaces/ur_gz/install/ur_simulation_gz:/home/quan/workspaces/ur_gz/install/ur3e_write_q:/home/quan/ros2_ws/install/robot1:/home/quan/ros2_ws/install/robot:/home/quan/ros2_ws/install/msgs_test:/home/quan/ros2_ws/install/component_pkg:/home/quan/ros2_ws/src/msgs_test/install/msgs_test:/home/quan/ros2_ws/install/my_turtlesim:/home/quan/ros2_ws/install/my_robot_logic:/home/quan/ros2_ws/install/my_robot_controller:/home/quan/ros2_ws/install/lifecycle_pkg:/opt/ros/humble /usr/bin/cmake --build /home/quan/workspaces/ur_gz/build/ur3e_write_q -- -j16 -l16
[0.539s] Invoking command in '/home/quan/workspaces/ur_gz/build/ur3e_write_q': CMAKE_PREFIX_PATH=/home/quan/workspaces/ur_gz/install/ur_simulation_gz:/home/quan/workspaces/ur_gz/install/ur3e_write_q:/home/quan/ros2_ws/install/robot1:/home/quan/ros2_ws/install/robot:/home/quan/ros2_ws/install/msgs_test:/home/quan/ros2_ws/install/component_pkg:/home/quan/ros2_ws/src/msgs_test/install/msgs_test:/home/quan/ros2_ws/install/my_turtlesim:/home/quan/ros2_ws/install/my_robot_logic:/home/quan/ros2_ws/install/my_robot_controller:/home/quan/ros2_ws/install/lifecycle_pkg:/opt/ros/humble /usr/bin/cmake --install /home/quan/workspaces/ur_gz/build/ur3e_write_q
[0.546s] -- Install configuration: ""
[0.546s] -- Execute custom install script
[0.546s] -- Symlinking: /home/quan/workspaces/ur_gz/install/ur3e_write_q/lib/ur3e_write_q/draw_q
[0.554s] -- Symlinking: /home/quan/workspaces/ur_gz/install/ur3e_write_q/share/ur3e_write_q/launch/write_q.launch.py
[0.564s] -- Symlinking: /home/quan/workspaces/ur_gz/install/ur3e_write_q/share/ur3e_write_q/config/draw_q.rviz
[0.570s] -- Symlinking: /home/quan/workspaces/ur_gz/install/ur3e_write_q/share/ament_index/resource_index/package_run_dependencies/ur3e_write_q
[0.580s] -- Symlinking: /home/quan/workspaces/ur_gz/install/ur3e_write_q/share/ament_index/resource_index/parent_prefix_path/ur3e_write_q
[0.588s] -- Symlinking: /home/quan/workspaces/ur_gz/install/ur3e_write_q/share/ur3e_write_q/environment/ament_prefix_path.sh
[0.596s] -- Symlinking: /home/quan/workspaces/ur_gz/install/ur3e_write_q/share/ur3e_write_q/environment/ament_prefix_path.dsv
[0.603s] -- Symlinking: /home/quan/workspaces/ur_gz/install/ur3e_write_q/share/ur3e_write_q/environment/path.sh
[0.610s] -- Symlinking: /home/quan/workspaces/ur_gz/install/ur3e_write_q/share/ur3e_write_q/environment/path.dsv
[0.618s] -- Symlinking: /home/quan/workspaces/ur_gz/install/ur3e_write_q/share/ur3e_write_q/local_setup.bash
[0.626s] -- Symlinking: /home/quan/workspaces/ur_gz/install/ur3e_write_q/share/ur3e_write_q/local_setup.sh
[0.633s] -- Symlinking: /home/quan/workspaces/ur_gz/install/ur3e_write_q/share/ur3e_write_q/local_setup.zsh
[0.642s] -- Symlinking: /home/quan/workspaces/ur_gz/install/ur3e_write_q/share/ur3e_write_q/local_setup.dsv
[0.649s] -- Symlinking: /home/quan/workspaces/ur_gz/install/ur3e_write_q/share/ur3e_write_q/package.dsv
[0.660s] -- Symlinking: /home/quan/workspaces/ur_gz/install/ur3e_write_q/share/ament_index/resource_index/packages/ur3e_write_q
[0.670s] -- Symlinking: /home/quan/workspaces/ur_gz/install/ur3e_write_q/share/ur3e_write_q/cmake/ur3e_write_qConfig.cmake
[0.678s] -- Symlinking: /home/quan/workspaces/ur_gz/install/ur3e_write_q/share/ur3e_write_q/cmake/ur3e_write_qConfig-version.cmake
[0.684s] -- Symlinking: /home/quan/workspaces/ur_gz/install/ur3e_write_q/share/ur3e_write_q/package.xml
[0.695s] Invoked command in '/home/quan/workspaces/ur_gz/build/ur3e_write_q' returned '0': CMAKE_PREFIX_PATH=/home/quan/workspaces/ur_gz/install/ur_simulation_gz:/home/quan/workspaces/ur_gz/install/ur3e_write_q:/home/quan/ros2_ws/install/robot1:/home/quan/ros2_ws/install/robot:/home/quan/ros2_ws/install/msgs_test:/home/quan/ros2_ws/install/component_pkg:/home/quan/ros2_ws/src/msgs_test/install/msgs_test:/home/quan/ros2_ws/install/my_turtlesim:/home/quan/ros2_ws/install/my_robot_logic:/home/quan/ros2_ws/install/my_robot_controller:/home/quan/ros2_ws/install/lifecycle_pkg:/opt/ros/humble /usr/bin/cmake --install /home/quan/workspaces/ur_gz/build/ur3e_write_q
