-- The C compiler identification is GNU 11.4.0
-- The CXX compiler identification is GNU 11.4.0
-- Detecting C compiler ABI info
-- Detecting C compiler ABI info - done
-- Check for working C compiler: /usr/bin/cc - skipped
-- Detecting C compile features
-- Detecting C compile features - done
-- Detecting CXX compiler ABI info
-- Detecting CXX compiler ABI info - done
-- Check for working CXX compiler: /usr/bin/c++ - skipped
-- Detecting CXX compile features
-- Detecting CXX compile features - done
-- Found ament_cmake: 1.3.14 (/opt/ros/humble/share/ament_cmake/cmake)
-- Found Python3: /usr/bin/python3 (found version "3.10.12") found components: Interpreter 
-- Override CMake install command with custom implementation using symlinks instead of copying resources
-- Configuring done
-- Generating done
-- Build files have been written to: /home/quan/workspaces/ur_gz/build/ur3e_write_q
-- Install configuration: ""
-- Execute custom install script
-- Symlinking: /home/quan/workspaces/ur_gz/install/ur3e_write_q/lib/ur3e_write_q/draw_q.py
-- Symlinking: /home/quan/workspaces/ur_gz/install/ur3e_write_q/share/ur3e_write_q/launch/__pycache__/write_q.launch.cpython-313.pyc
-- Symlinking: /home/quan/workspaces/ur_gz/install/ur3e_write_q/share/ur3e_write_q/launch/write_q.launch.py
-- Symlinking: /home/quan/workspaces/ur_gz/install/ur3e_write_q/share/ur3e_write_q/config/draw_q.rviz
-- Symlinking: /home/quan/workspaces/ur_gz/install/ur3e_write_q/share/ament_index/resource_index/package_run_dependencies/ur3e_write_q
-- Symlinking: /home/quan/workspaces/ur_gz/install/ur3e_write_q/share/ament_index/resource_index/parent_prefix_path/ur3e_write_q
-- Symlinking: /home/quan/workspaces/ur_gz/install/ur3e_write_q/share/ur3e_write_q/environment/ament_prefix_path.sh
-- Symlinking: /home/quan/workspaces/ur_gz/install/ur3e_write_q/share/ur3e_write_q/environment/ament_prefix_path.dsv
-- Symlinking: /home/quan/workspaces/ur_gz/install/ur3e_write_q/share/ur3e_write_q/environment/path.sh
-- Symlinking: /home/quan/workspaces/ur_gz/install/ur3e_write_q/share/ur3e_write_q/environment/path.dsv
-- Symlinking: /home/quan/workspaces/ur_gz/install/ur3e_write_q/share/ur3e_write_q/local_setup.bash
-- Symlinking: /home/quan/workspaces/ur_gz/install/ur3e_write_q/share/ur3e_write_q/local_setup.sh
-- Symlinking: /home/quan/workspaces/ur_gz/install/ur3e_write_q/share/ur3e_write_q/local_setup.zsh
-- Symlinking: /home/quan/workspaces/ur_gz/install/ur3e_write_q/share/ur3e_write_q/local_setup.dsv
-- Symlinking: /home/quan/workspaces/ur_gz/install/ur3e_write_q/share/ur3e_write_q/package.dsv
-- Symlinking: /home/quan/workspaces/ur_gz/install/ur3e_write_q/share/ament_index/resource_index/packages/ur3e_write_q
-- Symlinking: /home/quan/workspaces/ur_gz/install/ur3e_write_q/share/ur3e_write_q/cmake/ur3e_write_qConfig.cmake
-- Symlinking: /home/quan/workspaces/ur_gz/install/ur3e_write_q/share/ur3e_write_q/cmake/ur3e_write_qConfig-version.cmake
-- Symlinking: /home/quan/workspaces/ur_gz/install/ur3e_write_q/share/ur3e_write_q/package.xml
