running develop
running egg_info
creating ur3e_write_q.egg-info
writing ur3e_write_q.egg-info/PKG-INFO
writing dependency_links to ur3e_write_q.egg-info/dependency_links.txt
writing entry points to ur3e_write_q.egg-info/entry_points.txt
writing requirements to ur3e_write_q.egg-info/requires.txt
writing top-level names to ur3e_write_q.egg-info/top_level.txt
writing manifest file 'ur3e_write_q.egg-info/SOURCES.txt'
reading manifest file 'ur3e_write_q.egg-info/SOURCES.txt'
writing manifest file 'ur3e_write_q.egg-info/SOURCES.txt'
running build_ext
Creating /home/quan/workspaces/ur_gz/install/ur3e_write_q/lib/python3.10/site-packages/ur3e-write-q.egg-link (link to .)
Installing draw_q script to /home/quan/workspaces/ur_gz/install/ur3e_write_q/lib/ur3e_write_q

Installed /home/quan/workspaces/ur_gz/build/ur3e_write_q
running symlink_data
creating /home/quan/workspaces/ur_gz/install/ur3e_write_q/share/ament_index
creating /home/quan/workspaces/ur_gz/install/ur3e_write_q/share/ament_index/resource_index
creating /home/quan/workspaces/ur_gz/install/ur3e_write_q/share/ament_index/resource_index/packages
symbolically linking /home/quan/workspaces/ur_gz/build/ur3e_write_q/resource/ur3e_write_q -> /home/quan/workspaces/ur_gz/install/ur3e_write_q/share/ament_index/resource_index/packages
symbolically linking /home/quan/workspaces/ur_gz/build/ur3e_write_q/package.xml -> /home/quan/workspaces/ur_gz/install/ur3e_write_q/share/ur3e_write_q
creating /home/quan/workspaces/ur_gz/install/ur3e_write_q/share/ur3e_write_q/launch
symbolically linking /home/quan/workspaces/ur_gz/build/ur3e_write_q/launch/write_q.launch.py -> /home/quan/workspaces/ur_gz/install/ur3e_write_q/share/ur3e_write_q/launch
creating /home/quan/workspaces/ur_gz/install/ur3e_write_q/share/ur3e_write_q/config
symbolically linking /home/quan/workspaces/ur_gz/build/ur3e_write_q/config/draw_q.rviz -> /home/quan/workspaces/ur_gz/install/ur3e_write_q/share/ur3e_write_q/config
