[0.650s] Invoking command in '/home/quan/workspaces/ur_gz/build/ur3e_write_q': CMAKE_PREFIX_PATH=/home/quan/workspaces/ur_gz/install/ur_simulation_gz:/home/quan/workspaces/ur_gz/install/ur3e_write_q:/home/quan/ros2_ws/install/robot1:/home/quan/ros2_ws/install/robot:/home/quan/ros2_ws/install/msgs_test:/home/quan/ros2_ws/install/component_pkg:/home/quan/ros2_ws/src/msgs_test/install/msgs_test PYTHONPATH=/home/quan/workspaces/ur_gz/build/ur3e_write_q/prefix_override:/usr/lib/python3/dist-packages/colcon_core/task/python/colcon_distutils_commands:/home/quan/workspaces/ur_gz/install/ur3e_write_q/lib/python3.10/site-packages:${PYTHONPATH} /usr/bin/python3 -W ignore:setup.py install is deprecated -W ignore:easy_install command is deprecated setup.py develop --editable --build-directory /home/quan/workspaces/ur_gz/build/ur3e_write_q/build --no-deps symlink_data
[0.839s] running develop
[0.956s] running egg_info
[0.956s] creating ur3e_write_q.egg-info
[0.956s] writing ur3e_write_q.egg-info/PKG-INFO
[0.956s] writing dependency_links to ur3e_write_q.egg-info/dependency_links.txt
[0.956s] writing entry points to ur3e_write_q.egg-info/entry_points.txt
[0.956s] writing requirements to ur3e_write_q.egg-info/requires.txt
[0.956s] writing top-level names to ur3e_write_q.egg-info/top_level.txt
[0.956s] writing manifest file 'ur3e_write_q.egg-info/SOURCES.txt'
[0.957s] reading manifest file 'ur3e_write_q.egg-info/SOURCES.txt'
[0.958s] writing manifest file 'ur3e_write_q.egg-info/SOURCES.txt'
[0.959s] running build_ext
[0.959s] Creating /home/quan/workspaces/ur_gz/install/ur3e_write_q/lib/python3.10/site-packages/ur3e-write-q.egg-link (link to .)
[0.959s] Installing draw_q script to /home/quan/workspaces/ur_gz/install/ur3e_write_q/lib/ur3e_write_q
[0.960s] 
[0.960s] Installed /home/quan/workspaces/ur_gz/build/ur3e_write_q
[0.960s] running symlink_data
[0.960s] creating /home/quan/workspaces/ur_gz/install/ur3e_write_q/share/ament_index
[0.960s] creating /home/quan/workspaces/ur_gz/install/ur3e_write_q/share/ament_index/resource_index
[0.960s] creating /home/quan/workspaces/ur_gz/install/ur3e_write_q/share/ament_index/resource_index/packages
[0.960s] symbolically linking /home/quan/workspaces/ur_gz/build/ur3e_write_q/resource/ur3e_write_q -> /home/quan/workspaces/ur_gz/install/ur3e_write_q/share/ament_index/resource_index/packages
[0.960s] symbolically linking /home/quan/workspaces/ur_gz/build/ur3e_write_q/package.xml -> /home/quan/workspaces/ur_gz/install/ur3e_write_q/share/ur3e_write_q
[0.960s] creating /home/quan/workspaces/ur_gz/install/ur3e_write_q/share/ur3e_write_q/launch
[0.960s] symbolically linking /home/quan/workspaces/ur_gz/build/ur3e_write_q/launch/write_q.launch.py -> /home/quan/workspaces/ur_gz/install/ur3e_write_q/share/ur3e_write_q/launch
[0.960s] creating /home/quan/workspaces/ur_gz/install/ur3e_write_q/share/ur3e_write_q/config
[0.960s] symbolically linking /home/quan/workspaces/ur_gz/build/ur3e_write_q/config/draw_q.rviz -> /home/quan/workspaces/ur_gz/install/ur3e_write_q/share/ur3e_write_q/config
[0.984s] Invoked command in '/home/quan/workspaces/ur_gz/build/ur3e_write_q' returned '0': CMAKE_PREFIX_PATH=/home/quan/workspaces/ur_gz/install/ur_simulation_gz:/home/quan/workspaces/ur_gz/install/ur3e_write_q:/home/quan/ros2_ws/install/robot1:/home/quan/ros2_ws/install/robot:/home/quan/ros2_ws/install/msgs_test:/home/quan/ros2_ws/install/component_pkg:/home/quan/ros2_ws/src/msgs_test/install/msgs_test PYTHONPATH=/home/quan/workspaces/ur_gz/build/ur3e_write_q/prefix_override:/usr/lib/python3/dist-packages/colcon_core/task/python/colcon_distutils_commands:/home/quan/workspaces/ur_gz/install/ur3e_write_q/lib/python3.10/site-packages:${PYTHONPATH} /usr/bin/python3 -W ignore:setup.py install is deprecated -W ignore:easy_install command is deprecated setup.py develop --editable --build-directory /home/quan/workspaces/ur_gz/build/ur3e_write_q/build --no-deps symlink_data
