[0.011s] Invoking command in '/home/quan/workspaces/ur_gz/build/ur_simulation_gz': CMAKE_PREFIX_PATH=${CMAKE_PREFIX_PATH}:/home/quan/ros2_ws/install/my_turtlesim:/home/quan/ros2_ws/install/my_robot_logic:/home/quan/ros2_ws/install/my_robot_controller:/home/quan/ros2_ws/install/lifecycle_pkg:/opt/ros/humble /usr/bin/cmake --build /home/quan/workspaces/ur_gz/build/ur_simulation_gz -- -j16 -l16
[0.044s] Invoked command in '/home/quan/workspaces/ur_gz/build/ur_simulation_gz' returned '0': CMAKE_PREFIX_PATH=${CMAKE_PREFIX_PATH}:/home/quan/ros2_ws/install/my_turtlesim:/home/quan/ros2_ws/install/my_robot_logic:/home/quan/ros2_ws/install/my_robot_controller:/home/quan/ros2_ws/install/lifecycle_pkg:/opt/ros/humble /usr/bin/cmake --build /home/quan/workspaces/ur_gz/build/ur_simulation_gz -- -j16 -l16
[0.053s] Invoking command in '/home/quan/workspaces/ur_gz/build/ur_simulation_gz': CMAKE_PREFIX_PATH=${CMAKE_PREFIX_PATH}:/home/quan/ros2_ws/install/my_turtlesim:/home/quan/ros2_ws/install/my_robot_logic:/home/quan/ros2_ws/install/my_robot_controller:/home/quan/ros2_ws/install/lifecycle_pkg:/opt/ros/humble /usr/bin/cmake --install /home/quan/workspaces/ur_gz/build/ur_simulation_gz
[0.059s] -- Install configuration: ""
[0.059s] -- Up-to-date: /home/quan/workspaces/ur_gz/install/ur_simulation_gz/share/ur_simulation_gz/config
[0.059s] -- Up-to-date: /home/quan/workspaces/ur_gz/install/ur_simulation_gz/share/ur_simulation_gz/config/ur_controllers.yaml
[0.059s] -- Up-to-date: /home/quan/workspaces/ur_gz/install/ur_simulation_gz/share/ur_simulation_gz/launch
[0.059s] -- Up-to-date: /home/quan/workspaces/ur_gz/install/ur_simulation_gz/share/ur_simulation_gz/launch/ur_sim_moveit.launch.py
[0.059s] -- Up-to-date: /home/quan/workspaces/ur_gz/install/ur_simulation_gz/share/ur_simulation_gz/launch/ur_sim_control.launch.py
[0.060s] -- Up-to-date: /home/quan/workspaces/ur_gz/install/ur_simulation_gz/share/ament_index/resource_index/package_run_dependencies/ur_simulation_gz
[0.060s] -- Up-to-date: /home/quan/workspaces/ur_gz/install/ur_simulation_gz/share/ament_index/resource_index/parent_prefix_path/ur_simulation_gz
[0.060s] -- Up-to-date: /home/quan/workspaces/ur_gz/install/ur_simulation_gz/share/ur_simulation_gz/environment/ament_prefix_path.sh
[0.060s] -- Up-to-date: /home/quan/workspaces/ur_gz/install/ur_simulation_gz/share/ur_simulation_gz/environment/ament_prefix_path.dsv
[0.060s] -- Up-to-date: /home/quan/workspaces/ur_gz/install/ur_simulation_gz/share/ur_simulation_gz/environment/path.sh
[0.060s] -- Up-to-date: /home/quan/workspaces/ur_gz/install/ur_simulation_gz/share/ur_simulation_gz/environment/path.dsv
[0.060s] -- Up-to-date: /home/quan/workspaces/ur_gz/install/ur_simulation_gz/share/ur_simulation_gz/local_setup.bash
[0.060s] -- Up-to-date: /home/quan/workspaces/ur_gz/install/ur_simulation_gz/share/ur_simulation_gz/local_setup.sh
[0.060s] -- Up-to-date: /home/quan/workspaces/ur_gz/install/ur_simulation_gz/share/ur_simulation_gz/local_setup.zsh
[0.060s] -- Up-to-date: /home/quan/workspaces/ur_gz/install/ur_simulation_gz/share/ur_simulation_gz/local_setup.dsv
[0.060s] -- Installing: /home/quan/workspaces/ur_gz/install/ur_simulation_gz/share/ur_simulation_gz/package.dsv
[0.060s] -- Up-to-date: /home/quan/workspaces/ur_gz/install/ur_simulation_gz/share/ament_index/resource_index/packages/ur_simulation_gz
[0.060s] -- Up-to-date: /home/quan/workspaces/ur_gz/install/ur_simulation_gz/share/ur_simulation_gz/cmake/ur_simulation_gzConfig.cmake
[0.060s] -- Up-to-date: /home/quan/workspaces/ur_gz/install/ur_simulation_gz/share/ur_simulation_gz/cmake/ur_simulation_gzConfig-version.cmake
[0.060s] -- Up-to-date: /home/quan/workspaces/ur_gz/install/ur_simulation_gz/share/ur_simulation_gz/package.xml
[0.061s] Invoked command in '/home/quan/workspaces/ur_gz/build/ur_simulation_gz' returned '0': CMAKE_PREFIX_PATH=${CMAKE_PREFIX_PATH}:/home/quan/ros2_ws/install/my_turtlesim:/home/quan/ros2_ws/install/my_robot_logic:/home/quan/ros2_ws/install/my_robot_controller:/home/quan/ros2_ws/install/lifecycle_pkg:/opt/ros/humble /usr/bin/cmake --install /home/quan/workspaces/ur_gz/build/ur_simulation_gz
