[0.008s] Invoking command in '/home/quan/workspaces/ur_gz/build/ur3e_write_q': CMAKE_PREFIX_PATH=/home/quan/workspaces/ur_gz/install/ur_simulation_gz:/home/quan/workspaces/ur_gz/install/ur3e_write_q:/home/quan/ros2_ws/install/robot1:/home/quan/ros2_ws/install/robot:/home/quan/ros2_ws/install/msgs_test:/home/quan/ros2_ws/install/component_pkg:/home/quan/ros2_ws/src/msgs_test/install/msgs_test:/home/quan/ros2_ws/install/my_turtlesim:/home/quan/ros2_ws/install/my_robot_logic:/home/quan/ros2_ws/install/my_robot_controller:/home/quan/ros2_ws/install/lifecycle_pkg:/opt/ros/humble /usr/bin/cmake /home/quan/workspaces/ur_gz/src/ur3e_write_q/ur3e_write_q -DCMAKE_INSTALL_PREFIX=/home/quan/workspaces/ur_gz/install/ur3e_write_q
[0.019s] -- Found ament_cmake: 1.3.14 (/opt/ros/humble/share/ament_cmake/cmake)
[0.139s] -- Override CMake install command with custom implementation using symlinks instead of copying resources
[0.190s] -- Configuring done
[0.191s] -- Generating done
[0.192s] -- Build files have been written to: /home/quan/workspaces/ur_gz/build/ur3e_write_q
[0.195s] Invoked command in '/home/quan/workspaces/ur_gz/build/ur3e_write_q' returned '0': CMAKE_PREFIX_PATH=/home/quan/workspaces/ur_gz/install/ur_simulation_gz:/home/quan/workspaces/ur_gz/install/ur3e_write_q:/home/quan/ros2_ws/install/robot1:/home/quan/ros2_ws/install/robot:/home/quan/ros2_ws/install/msgs_test:/home/quan/ros2_ws/install/component_pkg:/home/quan/ros2_ws/src/msgs_test/install/msgs_test:/home/quan/ros2_ws/install/my_turtlesim:/home/quan/ros2_ws/install/my_robot_logic:/home/quan/ros2_ws/install/my_robot_controller:/home/quan/ros2_ws/install/lifecycle_pkg:/opt/ros/humble /usr/bin/cmake /home/quan/workspaces/ur_gz/src/ur3e_write_q/ur3e_write_q -DCMAKE_INSTALL_PREFIX=/home/quan/workspaces/ur_gz/install/ur3e_write_q
[0.196s] Invoking command in '/home/quan/workspaces/ur_gz/build/ur3e_write_q': CMAKE_PREFIX_PATH=/home/quan/workspaces/ur_gz/install/ur_simulation_gz:/home/quan/workspaces/ur_gz/install/ur3e_write_q:/home/quan/ros2_ws/install/robot1:/home/quan/ros2_ws/install/robot:/home/quan/ros2_ws/install/msgs_test:/home/quan/ros2_ws/install/component_pkg:/home/quan/ros2_ws/src/msgs_test/install/msgs_test:/home/quan/ros2_ws/install/my_turtlesim:/home/quan/ros2_ws/install/my_robot_logic:/home/quan/ros2_ws/install/my_robot_controller:/home/quan/ros2_ws/install/lifecycle_pkg:/opt/ros/humble /usr/bin/cmake --build /home/quan/workspaces/ur_gz/build/ur3e_write_q -- -j16 -l16
[0.226s] Invoked command in '/home/quan/workspaces/ur_gz/build/ur3e_write_q' returned '0': CMAKE_PREFIX_PATH=/home/quan/workspaces/ur_gz/install/ur_simulation_gz:/home/quan/workspaces/ur_gz/install/ur3e_write_q:/home/quan/ros2_ws/install/robot1:/home/quan/ros2_ws/install/robot:/home/quan/ros2_ws/install/msgs_test:/home/quan/ros2_ws/install/component_pkg:/home/quan/ros2_ws/src/msgs_test/install/msgs_test:/home/quan/ros2_ws/install/my_turtlesim:/home/quan/ros2_ws/install/my_robot_logic:/home/quan/ros2_ws/install/my_robot_controller:/home/quan/ros2_ws/install/lifecycle_pkg:/opt/ros/humble /usr/bin/cmake --build /home/quan/workspaces/ur_gz/build/ur3e_write_q -- -j16 -l16
[0.228s] Invoking command in '/home/quan/workspaces/ur_gz/build/ur3e_write_q': CMAKE_PREFIX_PATH=/home/quan/workspaces/ur_gz/install/ur_simulation_gz:/home/quan/workspaces/ur_gz/install/ur3e_write_q:/home/quan/ros2_ws/install/robot1:/home/quan/ros2_ws/install/robot:/home/quan/ros2_ws/install/msgs_test:/home/quan/ros2_ws/install/component_pkg:/home/quan/ros2_ws/src/msgs_test/install/msgs_test:/home/quan/ros2_ws/install/my_turtlesim:/home/quan/ros2_ws/install/my_robot_logic:/home/quan/ros2_ws/install/my_robot_controller:/home/quan/ros2_ws/install/lifecycle_pkg:/opt/ros/humble /usr/bin/cmake --install /home/quan/workspaces/ur_gz/build/ur3e_write_q
[0.234s] -- Install configuration: ""
[0.234s] -- Execute custom install script
[0.234s] -- Up-to-date symlink: /home/quan/workspaces/ur_gz/install/ur3e_write_q/lib/ur3e_write_q/draw_q
[0.235s] -- Up-to-date symlink: /home/quan/workspaces/ur_gz/install/ur3e_write_q/share/ur3e_write_q/launch/write_q.launch.py
[0.235s] -- Up-to-date symlink: /home/quan/workspaces/ur_gz/install/ur3e_write_q/share/ur3e_write_q/config/draw_q.rviz
[0.235s] -- Up-to-date symlink: /home/quan/workspaces/ur_gz/install/ur3e_write_q/share/ament_index/resource_index/package_run_dependencies/ur3e_write_q
[0.235s] -- Up-to-date symlink: /home/quan/workspaces/ur_gz/install/ur3e_write_q/share/ament_index/resource_index/parent_prefix_path/ur3e_write_q
[0.235s] -- Up-to-date symlink: /home/quan/workspaces/ur_gz/install/ur3e_write_q/share/ur3e_write_q/environment/ament_prefix_path.sh
[0.235s] -- Up-to-date symlink: /home/quan/workspaces/ur_gz/install/ur3e_write_q/share/ur3e_write_q/environment/ament_prefix_path.dsv
[0.235s] -- Up-to-date symlink: /home/quan/workspaces/ur_gz/install/ur3e_write_q/share/ur3e_write_q/environment/path.sh
[0.235s] -- Up-to-date symlink: /home/quan/workspaces/ur_gz/install/ur3e_write_q/share/ur3e_write_q/environment/path.dsv
[0.236s] -- Up-to-date symlink: /home/quan/workspaces/ur_gz/install/ur3e_write_q/share/ur3e_write_q/local_setup.bash
[0.236s] -- Up-to-date symlink: /home/quan/workspaces/ur_gz/install/ur3e_write_q/share/ur3e_write_q/local_setup.sh
[0.236s] -- Up-to-date symlink: /home/quan/workspaces/ur_gz/install/ur3e_write_q/share/ur3e_write_q/local_setup.zsh
[0.236s] -- Up-to-date symlink: /home/quan/workspaces/ur_gz/install/ur3e_write_q/share/ur3e_write_q/local_setup.dsv
[0.236s] -- Symlinking: /home/quan/workspaces/ur_gz/install/ur3e_write_q/share/ur3e_write_q/package.dsv
[0.243s] -- Up-to-date symlink: /home/quan/workspaces/ur_gz/install/ur3e_write_q/share/ament_index/resource_index/packages/ur3e_write_q
[0.243s] -- Up-to-date symlink: /home/quan/workspaces/ur_gz/install/ur3e_write_q/share/ur3e_write_q/cmake/ur3e_write_qConfig.cmake
[0.243s] -- Up-to-date symlink: /home/quan/workspaces/ur_gz/install/ur3e_write_q/share/ur3e_write_q/cmake/ur3e_write_qConfig-version.cmake
[0.243s] -- Up-to-date symlink: /home/quan/workspaces/ur_gz/install/ur3e_write_q/share/ur3e_write_q/package.xml
[0.244s] Invoked command in '/home/quan/workspaces/ur_gz/build/ur3e_write_q' returned '0': CMAKE_PREFIX_PATH=/home/quan/workspaces/ur_gz/install/ur_simulation_gz:/home/quan/workspaces/ur_gz/install/ur3e_write_q:/home/quan/ros2_ws/install/robot1:/home/quan/ros2_ws/install/robot:/home/quan/ros2_ws/install/msgs_test:/home/quan/ros2_ws/install/component_pkg:/home/quan/ros2_ws/src/msgs_test/install/msgs_test:/home/quan/ros2_ws/install/my_turtlesim:/home/quan/ros2_ws/install/my_robot_logic:/home/quan/ros2_ws/install/my_robot_controller:/home/quan/ros2_ws/install/lifecycle_pkg:/opt/ros/humble /usr/bin/cmake --install /home/quan/workspaces/ur_gz/build/ur3e_write_q
