[0.011s] Invoking command in '/home/quan/workspaces/ur_gz/build/ur_simulation_gz': CMAKE_PREFIX_PATH=${CMAKE_PREFIX_PATH}:/home/quan/ros2_ws/install/my_turtlesim:/home/quan/ros2_ws/install/my_robot_logic:/home/quan/ros2_ws/install/my_robot_controller:/home/quan/ros2_ws/install/lifecycle_pkg:/opt/ros/humble /usr/bin/cmake /home/quan/workspaces/ur_gz/src/ur_simulation_gz/ur_simulation_gz -DCMAKE_INSTALL_PREFIX=/home/quan/workspaces/ur_gz/install/ur_simulation_gz
[0.118s] -- The C compiler identification is GNU 11.4.0
[0.182s] -- The CXX compiler identification is GNU 11.4.0
[0.189s] -- Detecting C compiler ABI info
[0.253s] -- Detecting C compiler ABI info - done
[0.258s] -- Check for working C compiler: /usr/bin/cc - skipped
[0.259s] -- Detecting C compile features
[0.259s] -- Detecting C compile features - done
[0.262s] -- Detecting CXX compiler ABI info
[0.326s] -- Detecting CXX compiler ABI info - done
[0.331s] -- Check for working CXX compiler: /usr/bin/c++ - skipped
[0.331s] -- Detecting CXX compile features
[0.332s] -- Detecting CXX compile features - done
[0.336s] -- Found ament_cmake: 1.3.14 (/opt/ros/humble/share/ament_cmake/cmake)
[0.446s] -- Found Python3: /usr/bin/python3 (found version "3.10.12") found components: Interpreter 
[0.521s] -- Found launch_testing_ament_cmake: 1.0.15 (/opt/ros/humble/share/launch_testing_ament_cmake/cmake)
[0.523s] -- Found python_cmake_module: 0.10.0 (/opt/ros/humble/share/python_cmake_module/cmake)
[0.541s] -- Found PythonInterp: /usr/bin/python3 (found suitable version "3.10.12", minimum required is "3.6") 
[0.551s] -- Found PythonLibs: /usr/lib/x86_64-linux-gnu/libpython3.10.so (found suitable version "3.10.12", minimum required is "3.5") 
[0.551s] -- Using PYTHON_EXECUTABLE: /usr/bin/python3
[0.551s] -- Using PYTHON_INCLUDE_DIRS: /usr/include/python3.10
[0.551s] -- Using PYTHON_LIBRARIES: /usr/lib/x86_64-linux-gnu/libpython3.10.so
[0.568s] -- Found PythonExtra: .so  
[0.570s] -- Found ament_cmake_pytest: 1.3.14 (/opt/ros/humble/share/ament_cmake_pytest/cmake)
[0.612s] -- Configuring done
[0.613s] -- Generating done
[0.614s] -- Build files have been written to: /home/quan/workspaces/ur_gz/build/ur_simulation_gz
[0.618s] Invoked command in '/home/quan/workspaces/ur_gz/build/ur_simulation_gz' returned '0': CMAKE_PREFIX_PATH=${CMAKE_PREFIX_PATH}:/home/quan/ros2_ws/install/my_turtlesim:/home/quan/ros2_ws/install/my_robot_logic:/home/quan/ros2_ws/install/my_robot_controller:/home/quan/ros2_ws/install/lifecycle_pkg:/opt/ros/humble /usr/bin/cmake /home/quan/workspaces/ur_gz/src/ur_simulation_gz/ur_simulation_gz -DCMAKE_INSTALL_PREFIX=/home/quan/workspaces/ur_gz/install/ur_simulation_gz
[0.619s] Invoking command in '/home/quan/workspaces/ur_gz/build/ur_simulation_gz': CMAKE_PREFIX_PATH=${CMAKE_PREFIX_PATH}:/home/quan/ros2_ws/install/my_turtlesim:/home/quan/ros2_ws/install/my_robot_logic:/home/quan/ros2_ws/install/my_robot_controller:/home/quan/ros2_ws/install/lifecycle_pkg:/opt/ros/humble /usr/bin/cmake --build /home/quan/workspaces/ur_gz/build/ur_simulation_gz -- -j16 -l16
[0.649s] Invoked command in '/home/quan/workspaces/ur_gz/build/ur_simulation_gz' returned '0': CMAKE_PREFIX_PATH=${CMAKE_PREFIX_PATH}:/home/quan/ros2_ws/install/my_turtlesim:/home/quan/ros2_ws/install/my_robot_logic:/home/quan/ros2_ws/install/my_robot_controller:/home/quan/ros2_ws/install/lifecycle_pkg:/opt/ros/humble /usr/bin/cmake --build /home/quan/workspaces/ur_gz/build/ur_simulation_gz -- -j16 -l16
[0.658s] Invoking command in '/home/quan/workspaces/ur_gz/build/ur_simulation_gz': CMAKE_PREFIX_PATH=${CMAKE_PREFIX_PATH}:/home/quan/ros2_ws/install/my_turtlesim:/home/quan/ros2_ws/install/my_robot_logic:/home/quan/ros2_ws/install/my_robot_controller:/home/quan/ros2_ws/install/lifecycle_pkg:/opt/ros/humble /usr/bin/cmake --install /home/quan/workspaces/ur_gz/build/ur_simulation_gz
[0.664s] -- Install configuration: ""
[0.664s] -- Installing: /home/quan/workspaces/ur_gz/install/ur_simulation_gz/share/ur_simulation_gz/config
[0.664s] -- Installing: /home/quan/workspaces/ur_gz/install/ur_simulation_gz/share/ur_simulation_gz/config/ur_controllers.yaml
[0.664s] -- Installing: /home/quan/workspaces/ur_gz/install/ur_simulation_gz/share/ur_simulation_gz/launch
[0.664s] -- Installing: /home/quan/workspaces/ur_gz/install/ur_simulation_gz/share/ur_simulation_gz/launch/ur_sim_moveit.launch.py
[0.664s] -- Installing: /home/quan/workspaces/ur_gz/install/ur_simulation_gz/share/ur_simulation_gz/launch/ur_sim_control.launch.py
[0.664s] -- Installing: /home/quan/workspaces/ur_gz/install/ur_simulation_gz/share/ament_index/resource_index/package_run_dependencies/ur_simulation_gz
[0.665s] -- Installing: /home/quan/workspaces/ur_gz/install/ur_simulation_gz/share/ament_index/resource_index/parent_prefix_path/ur_simulation_gz
[0.665s] -- Installing: /home/quan/workspaces/ur_gz/install/ur_simulation_gz/share/ur_simulation_gz/environment/ament_prefix_path.sh
[0.665s] -- Installing: /home/quan/workspaces/ur_gz/install/ur_simulation_gz/share/ur_simulation_gz/environment/ament_prefix_path.dsv
[0.665s] -- Installing: /home/quan/workspaces/ur_gz/install/ur_simulation_gz/share/ur_simulation_gz/environment/path.sh
[0.665s] -- Installing: /home/quan/workspaces/ur_gz/install/ur_simulation_gz/share/ur_simulation_gz/environment/path.dsv
[0.665s] -- Installing: /home/quan/workspaces/ur_gz/install/ur_simulation_gz/share/ur_simulation_gz/local_setup.bash
[0.665s] -- Installing: /home/quan/workspaces/ur_gz/install/ur_simulation_gz/share/ur_simulation_gz/local_setup.sh
[0.665s] -- Installing: /home/quan/workspaces/ur_gz/install/ur_simulation_gz/share/ur_simulation_gz/local_setup.zsh
[0.665s] -- Installing: /home/quan/workspaces/ur_gz/install/ur_simulation_gz/share/ur_simulation_gz/local_setup.dsv
[0.665s] -- Installing: /home/quan/workspaces/ur_gz/install/ur_simulation_gz/share/ur_simulation_gz/package.dsv
[0.665s] -- Installing: /home/quan/workspaces/ur_gz/install/ur_simulation_gz/share/ament_index/resource_index/packages/ur_simulation_gz
[0.665s] -- Installing: /home/quan/workspaces/ur_gz/install/ur_simulation_gz/share/ur_simulation_gz/cmake/ur_simulation_gzConfig.cmake
[0.665s] -- Installing: /home/quan/workspaces/ur_gz/install/ur_simulation_gz/share/ur_simulation_gz/cmake/ur_simulation_gzConfig-version.cmake
[0.665s] -- Installing: /home/quan/workspaces/ur_gz/install/ur_simulation_gz/share/ur_simulation_gz/package.xml
[0.667s] Invoked command in '/home/quan/workspaces/ur_gz/build/ur_simulation_gz' returned '0': CMAKE_PREFIX_PATH=${CMAKE_PREFIX_PATH}:/home/quan/ros2_ws/install/my_turtlesim:/home/quan/ros2_ws/install/my_robot_logic:/home/quan/ros2_ws/install/my_robot_controller:/home/quan/ros2_ws/install/lifecycle_pkg:/opt/ros/humble /usr/bin/cmake --install /home/quan/workspaces/ur_gz/build/ur_simulation_gz
