[0.064s] DEBUG:colcon:Command line arguments: ['/usr/bin/colcon', 'build', '--packages-select', 'ur3e_write_q', '--symlink-install']
[0.064s] DEBUG:colcon:Parsed command line arguments: Namespace(log_base=None, log_level=None, verb_name='build', build_base='build', install_base='install', merge_install=False, symlink_install=True, test_result_base=None, continue_on_error=False, executor='parallel', parallel_workers=16, event_handlers=None, ignore_user_meta=False, metas=['./colcon.meta'], base_paths=['.'], packages_ignore=None, packages_ignore_regex=None, paths=None, packages_up_to=None, packages_up_to_regex=None, packages_above=None, packages_above_and_dependencies=None, packages_above_depth=None, packages_select_by_dep=None, packages_skip_by_dep=None, packages_skip_up_to=None, packages_select_build_failed=False, packages_skip_build_finished=False, packages_select_test_failures=False, packages_skip_test_passed=False, packages_select=['ur3e_write_q'], packages_skip=None, packages_select_regex=None, packages_skip_regex=None, packages_start=None, packages_end=None, allow_overriding=[], cmake_args=None, cmake_target=None, cmake_target_skip_unavailable=False, cmake_clean_cache=False, cmake_clean_first=False, cmake_force_configure=False, ament_cmake_args=None, catkin_cmake_args=None, catkin_skip_building_tests=False, mixin_files=None, mixin=None, verb_parser=<colcon_mixin.mixin.mixin_argument.MixinArgumentDecorator object at 0x7639b8b3d390>, verb_extension=<colcon_core.verb.build.BuildVerb object at 0x7639b8c925c0>, main=<bound method BuildVerb.main of <colcon_core.verb.build.BuildVerb object at 0x7639b8c925c0>>, mixin_verb=('build',))
[0.186s] Level 1:colcon.colcon_core.package_discovery:discover_packages(colcon_meta) check parameters
[0.186s] Level 1:colcon.colcon_core.package_discovery:discover_packages(recursive) check parameters
[0.186s] Level 1:colcon.colcon_core.package_discovery:discover_packages(ignore) check parameters
[0.186s] Level 1:colcon.colcon_core.package_discovery:discover_packages(path) check parameters
[0.186s] Level 1:colcon.colcon_core.package_discovery:discover_packages(colcon_meta) discover
[0.186s] Level 1:colcon.colcon_core.package_discovery:discover_packages(recursive) discover
[0.186s] INFO:colcon.colcon_core.package_discovery:Crawling recursively for packages in '/home/quan/workspaces/ur_gz'
[0.186s] Level 1:colcon.colcon_core.package_identification:_identify(.) by extensions ['ignore', 'ignore_ament_install']
[0.186s] Level 1:colcon.colcon_core.package_identification:_identify(.) by extension 'ignore'
[0.186s] Level 1:colcon.colcon_core.package_identification:_identify(.) by extension 'ignore_ament_install'
[0.186s] Level 1:colcon.colcon_core.package_identification:_identify(.) by extensions ['colcon_pkg']
[0.186s] Level 1:colcon.colcon_core.package_identification:_identify(.) by extension 'colcon_pkg'
[0.186s] Level 1:colcon.colcon_core.package_identification:_identify(.) by extensions ['colcon_meta']
[0.186s] Level 1:colcon.colcon_core.package_identification:_identify(.) by extension 'colcon_meta'
[0.186s] Level 1:colcon.colcon_core.package_identification:_identify(.) by extensions ['ros']
[0.186s] Level 1:colcon.colcon_core.package_identification:_identify(.) by extension 'ros'
[0.200s] Level 1:colcon.colcon_core.package_identification:_identify(.) by extensions ['cmake', 'python']
[0.200s] Level 1:colcon.colcon_core.package_identification:_identify(.) by extension 'cmake'
[0.200s] Level 1:colcon.colcon_core.package_identification:_identify(.) by extension 'python'
[0.200s] Level 1:colcon.colcon_core.package_identification:_identify(.) by extensions ['python_setup_py']
[0.200s] Level 1:colcon.colcon_core.package_identification:_identify(.) by extension 'python_setup_py'
[0.200s] Level 1:colcon.colcon_core.package_identification:_identify(build) by extensions ['ignore', 'ignore_ament_install']
[0.200s] Level 1:colcon.colcon_core.package_identification:_identify(build) by extension 'ignore'
[0.200s] Level 1:colcon.colcon_core.package_identification:_identify(build) ignored
[0.200s] Level 1:colcon.colcon_core.package_identification:_identify(install) by extensions ['ignore', 'ignore_ament_install']
[0.200s] Level 1:colcon.colcon_core.package_identification:_identify(install) by extension 'ignore'
[0.200s] Level 1:colcon.colcon_core.package_identification:_identify(install) ignored
[0.200s] Level 1:colcon.colcon_core.package_identification:_identify(log) by extensions ['ignore', 'ignore_ament_install']
[0.200s] Level 1:colcon.colcon_core.package_identification:_identify(log) by extension 'ignore'
[0.200s] Level 1:colcon.colcon_core.package_identification:_identify(log) ignored
[0.201s] Level 1:colcon.colcon_core.package_identification:_identify(src) by extensions ['ignore', 'ignore_ament_install']
[0.201s] Level 1:colcon.colcon_core.package_identification:_identify(src) by extension 'ignore'
[0.201s] Level 1:colcon.colcon_core.package_identification:_identify(src) by extension 'ignore_ament_install'
[0.201s] Level 1:colcon.colcon_core.package_identification:_identify(src) by extensions ['colcon_pkg']
[0.201s] Level 1:colcon.colcon_core.package_identification:_identify(src) by extension 'colcon_pkg'
[0.201s] Level 1:colcon.colcon_core.package_identification:_identify(src) by extensions ['colcon_meta']
[0.201s] Level 1:colcon.colcon_core.package_identification:_identify(src) by extension 'colcon_meta'
[0.201s] Level 1:colcon.colcon_core.package_identification:_identify(src) by extensions ['ros']
[0.201s] Level 1:colcon.colcon_core.package_identification:_identify(src) by extension 'ros'
[0.201s] Level 1:colcon.colcon_core.package_identification:_identify(src) by extensions ['cmake', 'python']
[0.201s] Level 1:colcon.colcon_core.package_identification:_identify(src) by extension 'cmake'
[0.201s] Level 1:colcon.colcon_core.package_identification:_identify(src) by extension 'python'
[0.201s] Level 1:colcon.colcon_core.package_identification:_identify(src) by extensions ['python_setup_py']
[0.201s] Level 1:colcon.colcon_core.package_identification:_identify(src) by extension 'python_setup_py'
[0.201s] Level 1:colcon.colcon_core.package_identification:_identify(src/ur3e_write_q) by extensions ['ignore', 'ignore_ament_install']
[0.201s] Level 1:colcon.colcon_core.package_identification:_identify(src/ur3e_write_q) by extension 'ignore'
[0.201s] Level 1:colcon.colcon_core.package_identification:_identify(src/ur3e_write_q) by extension 'ignore_ament_install'
[0.201s] Level 1:colcon.colcon_core.package_identification:_identify(src/ur3e_write_q) by extensions ['colcon_pkg']
[0.201s] Level 1:colcon.colcon_core.package_identification:_identify(src/ur3e_write_q) by extension 'colcon_pkg'
[0.201s] Level 1:colcon.colcon_core.package_identification:_identify(src/ur3e_write_q) by extensions ['colcon_meta']
[0.201s] Level 1:colcon.colcon_core.package_identification:_identify(src/ur3e_write_q) by extension 'colcon_meta'
[0.201s] Level 1:colcon.colcon_core.package_identification:_identify(src/ur3e_write_q) by extensions ['ros']
[0.201s] Level 1:colcon.colcon_core.package_identification:_identify(src/ur3e_write_q) by extension 'ros'
[0.201s] Level 1:colcon.colcon_core.package_identification:_identify(src/ur3e_write_q) by extensions ['cmake', 'python']
[0.201s] Level 1:colcon.colcon_core.package_identification:_identify(src/ur3e_write_q) by extension 'cmake'
[0.201s] Level 1:colcon.colcon_core.package_identification:_identify(src/ur3e_write_q) by extension 'python'
[0.201s] Level 1:colcon.colcon_core.package_identification:_identify(src/ur3e_write_q) by extensions ['python_setup_py']
[0.201s] Level 1:colcon.colcon_core.package_identification:_identify(src/ur3e_write_q) by extension 'python_setup_py'
[0.201s] Level 1:colcon.colcon_core.package_identification:_identify(src/ur3e_write_q/ur3e_write_q) by extensions ['ignore', 'ignore_ament_install']
[0.201s] Level 1:colcon.colcon_core.package_identification:_identify(src/ur3e_write_q/ur3e_write_q) by extension 'ignore'
[0.201s] Level 1:colcon.colcon_core.package_identification:_identify(src/ur3e_write_q/ur3e_write_q) by extension 'ignore_ament_install'
[0.201s] Level 1:colcon.colcon_core.package_identification:_identify(src/ur3e_write_q/ur3e_write_q) by extensions ['colcon_pkg']
[0.201s] Level 1:colcon.colcon_core.package_identification:_identify(src/ur3e_write_q/ur3e_write_q) by extension 'colcon_pkg'
[0.201s] Level 1:colcon.colcon_core.package_identification:_identify(src/ur3e_write_q/ur3e_write_q) by extensions ['colcon_meta']
[0.201s] Level 1:colcon.colcon_core.package_identification:_identify(src/ur3e_write_q/ur3e_write_q) by extension 'colcon_meta'
[0.202s] Level 1:colcon.colcon_core.package_identification:_identify(src/ur3e_write_q/ur3e_write_q) by extensions ['ros']
[0.202s] Level 1:colcon.colcon_core.package_identification:_identify(src/ur3e_write_q/ur3e_write_q) by extension 'ros'
[0.203s] DEBUG:colcon.colcon_core.package_identification:Package 'src/ur3e_write_q/ur3e_write_q' with type 'ros.ament_python' and name 'ur3e_write_q'
[0.203s] Level 1:colcon.colcon_core.package_identification:_identify(src/ur_simulation_gz) by extensions ['ignore', 'ignore_ament_install']
[0.203s] Level 1:colcon.colcon_core.package_identification:_identify(src/ur_simulation_gz) by extension 'ignore'
[0.203s] Level 1:colcon.colcon_core.package_identification:_identify(src/ur_simulation_gz) by extension 'ignore_ament_install'
[0.203s] Level 1:colcon.colcon_core.package_identification:_identify(src/ur_simulation_gz) by extensions ['colcon_pkg']
[0.204s] Level 1:colcon.colcon_core.package_identification:_identify(src/ur_simulation_gz) by extension 'colcon_pkg'
[0.204s] Level 1:colcon.colcon_core.package_identification:_identify(src/ur_simulation_gz) by extensions ['colcon_meta']
[0.204s] Level 1:colcon.colcon_core.package_identification:_identify(src/ur_simulation_gz) by extension 'colcon_meta'
[0.204s] Level 1:colcon.colcon_core.package_identification:_identify(src/ur_simulation_gz) by extensions ['ros']
[0.204s] Level 1:colcon.colcon_core.package_identification:_identify(src/ur_simulation_gz) by extension 'ros'
[0.204s] Level 1:colcon.colcon_core.package_identification:_identify(src/ur_simulation_gz) by extensions ['cmake', 'python']
[0.204s] Level 1:colcon.colcon_core.package_identification:_identify(src/ur_simulation_gz) by extension 'cmake'
[0.204s] Level 1:colcon.colcon_core.package_identification:_identify(src/ur_simulation_gz) by extension 'python'
[0.204s] Level 1:colcon.colcon_core.package_identification:_identify(src/ur_simulation_gz) by extensions ['python_setup_py']
[0.204s] Level 1:colcon.colcon_core.package_identification:_identify(src/ur_simulation_gz) by extension 'python_setup_py'
[0.204s] Level 1:colcon.colcon_core.package_identification:_identify(src/ur_simulation_gz/ur_simulation_gz) by extensions ['ignore', 'ignore_ament_install']
[0.204s] Level 1:colcon.colcon_core.package_identification:_identify(src/ur_simulation_gz/ur_simulation_gz) by extension 'ignore'
[0.204s] Level 1:colcon.colcon_core.package_identification:_identify(src/ur_simulation_gz/ur_simulation_gz) by extension 'ignore_ament_install'
[0.204s] Level 1:colcon.colcon_core.package_identification:_identify(src/ur_simulation_gz/ur_simulation_gz) by extensions ['colcon_pkg']
[0.204s] Level 1:colcon.colcon_core.package_identification:_identify(src/ur_simulation_gz/ur_simulation_gz) by extension 'colcon_pkg'
[0.204s] Level 1:colcon.colcon_core.package_identification:_identify(src/ur_simulation_gz/ur_simulation_gz) by extensions ['colcon_meta']
[0.204s] Level 1:colcon.colcon_core.package_identification:_identify(src/ur_simulation_gz/ur_simulation_gz) by extension 'colcon_meta'
[0.204s] Level 1:colcon.colcon_core.package_identification:_identify(src/ur_simulation_gz/ur_simulation_gz) by extensions ['ros']
[0.204s] Level 1:colcon.colcon_core.package_identification:_identify(src/ur_simulation_gz/ur_simulation_gz) by extension 'ros'
[0.205s] DEBUG:colcon.colcon_core.package_identification:Package 'src/ur_simulation_gz/ur_simulation_gz' with type 'ros.ament_cmake' and name 'ur_simulation_gz'
[0.205s] Level 1:colcon.colcon_core.package_discovery:discover_packages(recursive) using defaults
[0.205s] Level 1:colcon.colcon_core.package_discovery:discover_packages(ignore) discover
[0.205s] Level 1:colcon.colcon_core.package_discovery:discover_packages(ignore) using defaults
[0.205s] Level 1:colcon.colcon_core.package_discovery:discover_packages(path) discover
[0.205s] Level 1:colcon.colcon_core.package_discovery:discover_packages(path) using defaults
[0.218s] INFO:colcon.colcon_core.package_selection:Skipping not selected package 'ur_simulation_gz' in 'src/ur_simulation_gz/ur_simulation_gz'
[0.219s] Level 1:colcon.colcon_core.package_discovery:discover_packages(prefix_path) check parameters
[0.219s] Level 1:colcon.colcon_core.package_discovery:discover_packages(prefix_path) discover
[0.219s] WARNING:colcon.colcon_ros.prefix_path.ament:The path '/home/quan/workspaces/ur_gz/install/ur3e_write_q' in the environment variable AMENT_PREFIX_PATH doesn't exist
[0.220s] WARNING:colcon.colcon_ros.prefix_path.catkin:The path '/home/quan/workspaces/ur_gz/install/ur3e_write_q' in the environment variable CMAKE_PREFIX_PATH doesn't exist
[0.220s] DEBUG:colcon.colcon_installed_package_information.package_discovery:Found 1 installed packages in /home/quan/workspaces/ur_gz/install
[0.220s] DEBUG:colcon.colcon_installed_package_information.package_discovery:Found 8 installed packages in /home/quan/ros2_ws/install
[0.221s] DEBUG:colcon.colcon_installed_package_information.package_discovery:Found 1 installed packages in /home/quan/ros2_ws/src/msgs_test/install
[0.222s] DEBUG:colcon.colcon_installed_package_information.package_discovery:Found 483 installed packages in /opt/ros/humble
[0.223s] Level 1:colcon.colcon_core.package_discovery:discover_packages(prefix_path) using defaults
[0.260s] Level 5:colcon.colcon_core.verb:set package 'ur3e_write_q' build argument 'cmake_args' from command line to 'None'
[0.260s] Level 5:colcon.colcon_core.verb:set package 'ur3e_write_q' build argument 'cmake_target' from command line to 'None'
[0.260s] Level 5:colcon.colcon_core.verb:set package 'ur3e_write_q' build argument 'cmake_target_skip_unavailable' from command line to 'False'
[0.260s] Level 5:colcon.colcon_core.verb:set package 'ur3e_write_q' build argument 'cmake_clean_cache' from command line to 'False'
[0.260s] Level 5:colcon.colcon_core.verb:set package 'ur3e_write_q' build argument 'cmake_clean_first' from command line to 'False'
[0.260s] Level 5:colcon.colcon_core.verb:set package 'ur3e_write_q' build argument 'cmake_force_configure' from command line to 'False'
[0.260s] Level 5:colcon.colcon_core.verb:set package 'ur3e_write_q' build argument 'ament_cmake_args' from command line to 'None'
[0.260s] Level 5:colcon.colcon_core.verb:set package 'ur3e_write_q' build argument 'catkin_cmake_args' from command line to 'None'
[0.260s] Level 5:colcon.colcon_core.verb:set package 'ur3e_write_q' build argument 'catkin_skip_building_tests' from command line to 'False'
[0.260s] DEBUG:colcon.colcon_core.verb:Building package 'ur3e_write_q' with the following arguments: {'ament_cmake_args': None, 'build_base': '/home/quan/workspaces/ur_gz/build/ur3e_write_q', 'catkin_cmake_args': None, 'catkin_skip_building_tests': False, 'cmake_args': None, 'cmake_clean_cache': False, 'cmake_clean_first': False, 'cmake_force_configure': False, 'cmake_target': None, 'cmake_target_skip_unavailable': False, 'install_base': '/home/quan/workspaces/ur_gz/install/ur3e_write_q', 'merge_install': False, 'path': '/home/quan/workspaces/ur_gz/src/ur3e_write_q/ur3e_write_q', 'symlink_install': True, 'test_result_base': None}
[0.260s] INFO:colcon.colcon_core.executor:Executing jobs using 'parallel' executor
[0.261s] DEBUG:colcon.colcon_parallel_executor.executor.parallel:run_until_complete
[0.262s] INFO:colcon.colcon_ros.task.ament_python.build:Building ROS package in '/home/quan/workspaces/ur_gz/src/ur3e_write_q/ur3e_write_q' with build type 'ament_python'
[0.262s] Level 1:colcon.colcon_core.shell:create_environment_hook('ur3e_write_q', 'ament_prefix_path')
[0.263s] INFO:colcon.colcon_core.plugin_system:Skipping extension 'colcon_core.shell.bat': Not used on non-Windows systems
[0.263s] INFO:colcon.colcon_core.shell:Creating environment hook '/home/quan/workspaces/ur_gz/install/ur3e_write_q/share/ur3e_write_q/hook/ament_prefix_path.ps1'
[0.264s] INFO:colcon.colcon_core.shell:Creating environment descriptor '/home/quan/workspaces/ur_gz/install/ur3e_write_q/share/ur3e_write_q/hook/ament_prefix_path.dsv'
[0.264s] INFO:colcon.colcon_core.shell:Creating environment hook '/home/quan/workspaces/ur_gz/install/ur3e_write_q/share/ur3e_write_q/hook/ament_prefix_path.sh'
[0.264s] INFO:colcon.colcon_core.shell:Skip shell extension 'powershell' for command environment: Not usable outside of PowerShell
[0.264s] DEBUG:colcon.colcon_core.shell:Skip shell extension 'dsv' for command environment
[0.454s] INFO:colcon.colcon_core.task.python.build:Building Python package in '/home/quan/workspaces/ur_gz/src/ur3e_write_q/ur3e_write_q'
[0.454s] INFO:colcon.colcon_core.shell:Skip shell extension 'powershell' for command environment: Not usable outside of PowerShell
[0.454s] DEBUG:colcon.colcon_core.shell:Skip shell extension 'dsv' for command environment
[0.711s] DEBUG:colcon.colcon_core.task.python.build:Available setuptools commands: install_data, bdist_rpm, symlink_data, bdist_egg, develop, compile_catalog, check, upload_docs, update_catalog, build_scripts, build_ext, extract_messages, clean, saveopts, bdist, bdist_wheel, install_egg_info, egg_info, init_catalog, rotate, test, build_clib, upload, bdist_dumb, dist_info, setopt, install_lib, install_scripts, easy_install, alias, sdist, build, install_headers, register, install, build_py
[0.910s] DEBUG:colcon.colcon_core.task.python.build:Available setuptools 'develop' options: --no-deps, --help, --verbose, --build-directory, --always-unzip, --install-dir, --prefix, --egg-path, --dry-run, --editable, --zip-ok, --find-links, --no-find-links, --script-dir, --exclude-scripts, --multi-version, --user, --allow-hosts, --always-copy, --local-snapshots-ok, --optimize, --quiet, --version, --site-dirs, --index-url, --no-user-cfg, --uninstall, --upgrade, --record
[0.912s] DEBUG:colcon.colcon_core.event_handler.log_command:Invoking command in '/home/quan/workspaces/ur_gz/build/ur3e_write_q': CMAKE_PREFIX_PATH=/home/quan/workspaces/ur_gz/install/ur_simulation_gz:/home/quan/workspaces/ur_gz/install/ur3e_write_q:/home/quan/ros2_ws/install/robot1:/home/quan/ros2_ws/install/robot:/home/quan/ros2_ws/install/msgs_test:/home/quan/ros2_ws/install/component_pkg:/home/quan/ros2_ws/src/msgs_test/install/msgs_test PYTHONPATH=/home/quan/workspaces/ur_gz/build/ur3e_write_q/prefix_override:/usr/lib/python3/dist-packages/colcon_core/task/python/colcon_distutils_commands:/home/quan/workspaces/ur_gz/install/ur3e_write_q/lib/python3.10/site-packages:${PYTHONPATH} /usr/bin/python3 -W ignore:setup.py install is deprecated -W ignore:easy_install command is deprecated setup.py develop --editable --build-directory /home/quan/workspaces/ur_gz/build/ur3e_write_q/build --no-deps symlink_data
[1.246s] Level 1:colcon.colcon_core.shell:create_environment_hook('ur3e_write_q', 'pythonpath_develop')
[1.246s] DEBUG:colcon.colcon_core.event_handler.log_command:Invoked command in '/home/quan/workspaces/ur_gz/build/ur3e_write_q' returned '0': CMAKE_PREFIX_PATH=/home/quan/workspaces/ur_gz/install/ur_simulation_gz:/home/quan/workspaces/ur_gz/install/ur3e_write_q:/home/quan/ros2_ws/install/robot1:/home/quan/ros2_ws/install/robot:/home/quan/ros2_ws/install/msgs_test:/home/quan/ros2_ws/install/component_pkg:/home/quan/ros2_ws/src/msgs_test/install/msgs_test PYTHONPATH=/home/quan/workspaces/ur_gz/build/ur3e_write_q/prefix_override:/usr/lib/python3/dist-packages/colcon_core/task/python/colcon_distutils_commands:/home/quan/workspaces/ur_gz/install/ur3e_write_q/lib/python3.10/site-packages:${PYTHONPATH} /usr/bin/python3 -W ignore:setup.py install is deprecated -W ignore:easy_install command is deprecated setup.py develop --editable --build-directory /home/quan/workspaces/ur_gz/build/ur3e_write_q/build --no-deps symlink_data
[1.246s] INFO:colcon.colcon_core.shell:Creating environment hook '/home/quan/workspaces/ur_gz/build/ur3e_write_q/share/ur3e_write_q/hook/pythonpath_develop.ps1'
[1.247s] INFO:colcon.colcon_core.shell:Creating environment descriptor '/home/quan/workspaces/ur_gz/build/ur3e_write_q/share/ur3e_write_q/hook/pythonpath_develop.dsv'
[1.247s] INFO:colcon.colcon_core.shell:Creating environment hook '/home/quan/workspaces/ur_gz/build/ur3e_write_q/share/ur3e_write_q/hook/pythonpath_develop.sh'
[1.249s] Level 1:colcon.colcon_core.environment:checking '/home/quan/workspaces/ur_gz/install/ur3e_write_q' for CMake module files
[1.249s] Level 1:colcon.colcon_core.environment:checking '/home/quan/workspaces/ur_gz/install/ur3e_write_q' for CMake config files
[1.250s] Level 1:colcon.colcon_core.environment:checking '/home/quan/workspaces/ur_gz/install/ur3e_write_q/lib'
[1.250s] Level 1:colcon.colcon_core.environment:checking '/home/quan/workspaces/ur_gz/install/ur3e_write_q/bin'
[1.250s] Level 1:colcon.colcon_core.environment:checking '/home/quan/workspaces/ur_gz/install/ur3e_write_q/lib/pkgconfig/ur3e_write_q.pc'
[1.250s] Level 1:colcon.colcon_core.environment:checking '/home/quan/workspaces/ur_gz/install/ur3e_write_q/lib/python3.10/site-packages'
[1.250s] Level 1:colcon.colcon_core.shell:create_environment_hook('ur3e_write_q', 'pythonpath')
[1.250s] INFO:colcon.colcon_core.shell:Creating environment hook '/home/quan/workspaces/ur_gz/install/ur3e_write_q/share/ur3e_write_q/hook/pythonpath.ps1'
[1.250s] INFO:colcon.colcon_core.shell:Creating environment descriptor '/home/quan/workspaces/ur_gz/install/ur3e_write_q/share/ur3e_write_q/hook/pythonpath.dsv'
[1.250s] INFO:colcon.colcon_core.shell:Creating environment hook '/home/quan/workspaces/ur_gz/install/ur3e_write_q/share/ur3e_write_q/hook/pythonpath.sh'
[1.251s] Level 1:colcon.colcon_core.environment:checking '/home/quan/workspaces/ur_gz/install/ur3e_write_q/bin'
[1.251s] Level 1:colcon.colcon_core.environment:create_environment_scripts_only(ur3e_write_q)
[1.251s] INFO:colcon.colcon_core.shell:Creating package script '/home/quan/workspaces/ur_gz/install/ur3e_write_q/share/ur3e_write_q/package.ps1'
[1.252s] INFO:colcon.colcon_core.shell:Creating package descriptor '/home/quan/workspaces/ur_gz/install/ur3e_write_q/share/ur3e_write_q/package.dsv'
[1.252s] INFO:colcon.colcon_core.shell:Creating package script '/home/quan/workspaces/ur_gz/install/ur3e_write_q/share/ur3e_write_q/package.sh'
[1.252s] INFO:colcon.colcon_core.shell:Creating package script '/home/quan/workspaces/ur_gz/install/ur3e_write_q/share/ur3e_write_q/package.bash'
[1.253s] INFO:colcon.colcon_core.shell:Creating package script '/home/quan/workspaces/ur_gz/install/ur3e_write_q/share/ur3e_write_q/package.zsh'
[1.253s] Level 1:colcon.colcon_core.environment:create_file_with_runtime_dependencies(/home/quan/workspaces/ur_gz/install/ur3e_write_q/share/colcon-core/packages/ur3e_write_q)
[1.254s] DEBUG:colcon.colcon_parallel_executor.executor.parallel:closing loop
[1.254s] DEBUG:colcon.colcon_parallel_executor.executor.parallel:loop closed
[1.254s] DEBUG:colcon.colcon_parallel_executor.executor.parallel:run_until_complete finished with '0'
[1.254s] DEBUG:colcon.colcon_core.event_reactor:joining thread
[1.259s] INFO:colcon.colcon_core.plugin_system:Skipping extension 'colcon_notification.desktop_notification.terminal_notifier': Not used on non-Darwin systems
[1.259s] INFO:colcon.colcon_core.plugin_system:Skipping extension 'colcon_notification.desktop_notification.win32': Not used on non-Windows systems
[1.259s] INFO:colcon.colcon_notification.desktop_notification:Sending desktop notification using 'notify2'
[1.272s] DEBUG:colcon.colcon_core.event_reactor:joined thread
[1.272s] INFO:colcon.colcon_core.shell:Creating prefix script '/home/quan/workspaces/ur_gz/install/local_setup.ps1'
[1.273s] INFO:colcon.colcon_core.shell:Creating prefix util module '/home/quan/workspaces/ur_gz/install/_local_setup_util_ps1.py'
[1.273s] INFO:colcon.colcon_core.shell:Creating prefix chain script '/home/quan/workspaces/ur_gz/install/setup.ps1'
[1.274s] INFO:colcon.colcon_core.shell:Creating prefix script '/home/quan/workspaces/ur_gz/install/local_setup.sh'
[1.275s] INFO:colcon.colcon_core.shell:Creating prefix util module '/home/quan/workspaces/ur_gz/install/_local_setup_util_sh.py'
[1.275s] INFO:colcon.colcon_core.shell:Creating prefix chain script '/home/quan/workspaces/ur_gz/install/setup.sh'
[1.276s] INFO:colcon.colcon_core.shell:Creating prefix script '/home/quan/workspaces/ur_gz/install/local_setup.bash'
[1.276s] INFO:colcon.colcon_core.shell:Creating prefix chain script '/home/quan/workspaces/ur_gz/install/setup.bash'
[1.277s] INFO:colcon.colcon_core.shell:Creating prefix script '/home/quan/workspaces/ur_gz/install/local_setup.zsh'
[1.277s] INFO:colcon.colcon_core.shell:Creating prefix chain script '/home/quan/workspaces/ur_gz/install/setup.zsh'
